<html>
<body>
<pre>
<h1>µVision Build Log</h1>
<h2>Tool Versions:</h2>
IDE-Version: µVision V5.23.0.0
Copyright (C) 2017 ARM Ltd and ARM Germany GmbH. All rights reserved.
License Information: Andrew Algin, Home, LIC=14HVE-5E7XM-QDIKD-8KQCE-PE1BF-0PHIE
 
Tool Versions:
Toolchain:       MDK-ARM Plus  Version: 5.23
Toolchain Path:  C:\Keil_v5\ARM\ARMCC\Bin
C Compiler:      Armcc.exe V5.06 update 4 (build 422)
Assembler:       Armasm.exe V5.06 update 4 (build 422)
Linker/Locator:  ArmLink.exe V5.06 update 4 (build 422)
Library Manager: ArmAr.exe V5.06 update 4 (build 422)
Hex Converter:   FromElf.exe V5.06 update 4 (build 422)
CPU DLL:         SARMCM3.DLL V5.23
Dialog DLL:      DCM.DLL V1.15.0.0
Target DLL:      STLink\ST-LINKIII-KEIL_SWO.dll V2.0.18.0
Dialog DLL:      TCM.DLL V1.27.0.0
 
<h2>Project:</h2>
D:\STM32 Discovery\CUBEMX2017\LCD Copy\MDK-ARM\AdcAndServo.uvproj
Project File Date:  07/30/2017

<h2>Output:</h2>
*** Using Compiler 'V5.06 update 4 (build 422)', folder: 'C:\Keil_v5\ARM\ARMCC\Bin'
Build target 'AdcAndServo'
assembling startup_stm32f303xc.s...
compiling usbd_cdc.c...
compiling usbd_ioreq.c...
compiling usbd_ctlreq.c...
compiling usbd_core.c...
compiling usbd_cdc_if.c...
compiling stm32f3xx_it.c...
compiling usbd_desc.c...
compiling usbd_conf.c...
compiling stm32f3xx_hal_msp.c...
compiling main.c...
compiling usb_device.c...
compiling TFT.c...
compiling stm32f3xx_hal_i2c_ex.c...
compiling stm32f3xx_hal_tim_ex.c...
compiling stm32f3xx_hal_uart.c...
compiling stm32f3xx_hal_pwr.c...
compiling stm32f3xx_hal_cortex.c...
compiling stm32f3xx_hal_rcc.c...
compiling stm32f3xx_hal_pwr_ex.c...
compiling stm32f3xx_hal_uart_ex.c...
compiling stm32f3xx_hal.c...
compiling stm32f3xx_hal_flash_ex.c...
compiling stm32f3xx_hal_tim.c...
compiling stm32f3xx_hal_pcd_ex.c...
compiling stm32f3xx_hal_rcc_ex.c...
compiling stm32f3xx_hal_adc_ex.c...
compiling stm32f3xx_hal_i2c.c...
compiling stm32f3xx_hal_dma.c...
compiling stm32f3xx_hal_flash.c...
compiling stm32f3xx_hal_adc.c...
compiling stm32f3xx_hal_pcd.c...
compiling stm32f3xx_hal_rtc.c...
compiling stm32f3xx_hal_rtc_ex.c...
compiling stm32f3xx_hal_dac_ex.c...
compiling stm32f3xx_hal_gpio.c...
compiling stm32f3xx_hal_dac.c...
compiling system_stm32f3xx.c...
linking...
Program Size: Code=25828 RO-data=616 RW-data=788 ZI-data=33716  
"AdcAndServo\AdcAndServo.axf" - 0 Error(s), 0 Warning(s).
Build Time Elapsed:  00:00:25
</pre>
</body>
</html>
