Component: ARM Compiler 5.06 update 4 (build 422) Tool: armlink [4d35d2]

==============================================================================

Section Cross References

    usbd_ctlreq.o(i.USBD_CtlError) refers to usbd_conf.o(i.USBD_LL_StallEP) for USBD_LL_StallEP
    usbd_ctlreq.o(i.USBD_GetDescriptor) refers to usbd_ctlreq.o(i.USBD_CtlError) for USBD_CtlError
    usbd_ctlreq.o(i.USBD_GetDescriptor) refers to usbd_ioreq.o(i.USBD_CtlSendData) for USBD_CtlSendData
    usbd_ctlreq.o(i.USBD_SetConfig) refers to usbd_core.o(i.USBD_ClrClassConfig) for USBD_ClrClassConfig
    usbd_ctlreq.o(i.USBD_SetConfig) refers to usbd_core.o(i.USBD_SetClassConfig) for USBD_SetClassConfig
    usbd_ctlreq.o(i.USBD_SetConfig) refers to usbd_ioreq.o(i.USBD_CtlSendStatus) for USBD_CtlSendStatus
    usbd_ctlreq.o(i.USBD_SetConfig) refers to usbd_ctlreq.o(i.USBD_CtlError) for USBD_CtlError
    usbd_ctlreq.o(i.USBD_SetConfig) refers to usbd_ctlreq.o(.data) for .data
    usbd_ctlreq.o(i.USBD_StdDevReq) refers to usbd_ctlreq.o(i.USBD_GetDescriptor) for USBD_GetDescriptor
    usbd_ctlreq.o(i.USBD_StdDevReq) refers to usbd_conf.o(i.USBD_LL_SetUSBAddress) for USBD_LL_SetUSBAddress
    usbd_ctlreq.o(i.USBD_StdDevReq) refers to usbd_ioreq.o(i.USBD_CtlSendStatus) for USBD_CtlSendStatus
    usbd_ctlreq.o(i.USBD_StdDevReq) refers to usbd_ctlreq.o(i.USBD_SetConfig) for USBD_SetConfig
    usbd_ctlreq.o(i.USBD_StdDevReq) refers to usbd_ctlreq.o(i.USBD_CtlError) for USBD_CtlError
    usbd_ctlreq.o(i.USBD_StdDevReq) refers to usbd_ioreq.o(i.USBD_CtlSendData) for USBD_CtlSendData
    usbd_ctlreq.o(i.USBD_StdEPReq) refers to usbd_conf.o(i.USBD_LL_StallEP) for USBD_LL_StallEP
    usbd_ctlreq.o(i.USBD_StdEPReq) refers to usbd_conf.o(i.USBD_LL_ClearStallEP) for USBD_LL_ClearStallEP
    usbd_ctlreq.o(i.USBD_StdEPReq) refers to usbd_ioreq.o(i.USBD_CtlSendStatus) for USBD_CtlSendStatus
    usbd_ctlreq.o(i.USBD_StdEPReq) refers to usbd_ctlreq.o(i.USBD_CtlError) for USBD_CtlError
    usbd_ctlreq.o(i.USBD_StdEPReq) refers to usbd_conf.o(i.USBD_LL_IsStallEP) for USBD_LL_IsStallEP
    usbd_ctlreq.o(i.USBD_StdEPReq) refers to usbd_ioreq.o(i.USBD_CtlSendData) for USBD_CtlSendData
    usbd_ctlreq.o(i.USBD_StdItfReq) refers to usbd_ioreq.o(i.USBD_CtlSendStatus) for USBD_CtlSendStatus
    usbd_ctlreq.o(i.USBD_StdItfReq) refers to usbd_ctlreq.o(i.USBD_CtlError) for USBD_CtlError
    usbd_core.o(i.USBD_DeInit) refers to usbd_conf.o(i.USBD_LL_Stop) for USBD_LL_Stop
    usbd_core.o(i.USBD_DeInit) refers to usbd_conf.o(i.USBD_LL_DeInit) for USBD_LL_DeInit
    usbd_core.o(i.USBD_Init) refers to usbd_conf.o(i.USBD_LL_Init) for USBD_LL_Init
    usbd_core.o(i.USBD_LL_DataInStage) refers to usbd_ioreq.o(i.USBD_CtlContinueSendData) for USBD_CtlContinueSendData
    usbd_core.o(i.USBD_LL_DataInStage) refers to usbd_conf.o(i.USBD_LL_PrepareReceive) for USBD_LL_PrepareReceive
    usbd_core.o(i.USBD_LL_DataInStage) refers to usbd_ioreq.o(i.USBD_CtlReceiveStatus) for USBD_CtlReceiveStatus
    usbd_core.o(i.USBD_LL_DataOutStage) refers to usbd_ioreq.o(i.USBD_CtlContinueRx) for USBD_CtlContinueRx
    usbd_core.o(i.USBD_LL_DataOutStage) refers to usbd_ioreq.o(i.USBD_CtlSendStatus) for USBD_CtlSendStatus
    usbd_core.o(i.USBD_LL_Reset) refers to usbd_conf.o(i.USBD_LL_OpenEP) for USBD_LL_OpenEP
    usbd_core.o(i.USBD_LL_SetupStage) refers to usbd_ctlreq.o(i.USBD_ParseSetupRequest) for USBD_ParseSetupRequest
    usbd_core.o(i.USBD_LL_SetupStage) refers to usbd_conf.o(i.USBD_LL_StallEP) for USBD_LL_StallEP
    usbd_core.o(i.USBD_LL_SetupStage) refers to usbd_ctlreq.o(i.USBD_StdDevReq) for USBD_StdDevReq
    usbd_core.o(i.USBD_LL_SetupStage) refers to usbd_ctlreq.o(i.USBD_StdItfReq) for USBD_StdItfReq
    usbd_core.o(i.USBD_LL_SetupStage) refers to usbd_ctlreq.o(i.USBD_StdEPReq) for USBD_StdEPReq
    usbd_core.o(i.USBD_Start) refers to usbd_conf.o(i.USBD_LL_Start) for USBD_LL_Start
    usbd_core.o(i.USBD_Stop) refers to usbd_conf.o(i.USBD_LL_Stop) for USBD_LL_Stop
    usbd_cdc.o(i.USBD_CDC_DataOut) refers to usbd_conf.o(i.USBD_LL_GetRxDataSize) for USBD_LL_GetRxDataSize
    usbd_cdc.o(i.USBD_CDC_DeInit) refers to usbd_conf.o(i.USBD_LL_CloseEP) for USBD_LL_CloseEP
    usbd_cdc.o(i.USBD_CDC_DeInit) refers to usbd_conf.o(i.USBD_static_free) for USBD_static_free
    usbd_cdc.o(i.USBD_CDC_GetDeviceQualifierDescriptor) refers to usbd_cdc.o(.data) for .data
    usbd_cdc.o(i.USBD_CDC_GetFSCfgDesc) refers to usbd_cdc.o(.data) for .data
    usbd_cdc.o(i.USBD_CDC_GetHSCfgDesc) refers to usbd_cdc.o(.data) for .data
    usbd_cdc.o(i.USBD_CDC_GetOtherSpeedCfgDesc) refers to usbd_cdc.o(.data) for .data
    usbd_cdc.o(i.USBD_CDC_Init) refers to usbd_conf.o(i.USBD_LL_OpenEP) for USBD_LL_OpenEP
    usbd_cdc.o(i.USBD_CDC_Init) refers to usbd_conf.o(i.USBD_static_malloc) for USBD_static_malloc
    usbd_cdc.o(i.USBD_CDC_Init) refers to usbd_conf.o(i.USBD_LL_PrepareReceive) for USBD_LL_PrepareReceive
[...]
    i.__0sprintf$1                           0x080061fc   Section        0  printf1.o(i.__0sprintf$1)
    i.__scatterload_copy                     0x08006224   Section       14  handlers.o(i.__scatterload_copy)
    i.__scatterload_null                     0x08006232   Section        2  handlers.o(i.__scatterload_null)
    i.__scatterload_zeroinit                 0x08006234   Section       14  handlers.o(i.__scatterload_zeroinit)
    i._printf_core                           0x08006244   Section        0  printf1.o(i._printf_core)
    _printf_core                             0x08006245   Thumb Code   336  printf1.o(i._printf_core)
    i._snputc                                0x08006398   Section        0  printf1.o(i._snputc)
    _snputc                                  0x08006399   Thumb Code    22  printf1.o(i._snputc)
    i._sputc                                 0x080063ae   Section        0  printf1.o(i._sputc)
    _sputc                                   0x080063af   Thumb Code    10  printf1.o(i._sputc)
    i.constrain                              0x080063b8   Section        0  tft.o(i.constrain)
    i.free                                   0x080063cc   Section        0  malloc.o(i.free)
    i.main                                   0x0800641c   Section        0  main.o(i.main)
    i.malloc                                 0x08006600   Section        0  malloc.o(i.malloc)
    .constdata                               0x0800666c   Section       32  stm32f3xx_hal_rcc.o(.constdata)
    .constdata                               0x0800668c   Section       16  system_stm32f3xx.o(.constdata)
    .constdata                               0x0800669c   Section        8  system_stm32f3xx.o(.constdata)
    .constdata                               0x080066a4   Section      129  ctype_o.o(.constdata)
    .constdata                               0x08006728   Section        4  ctype_o.o(.constdata)
    table                                    0x08006728   Data           4  ctype_o.o(.constdata)
    .data                                    0x20000000   Section        1  usbd_ctlreq.o(.data)
    cfgidx                                   0x20000000   Data           1  usbd_ctlreq.o(.data)
    .data                                    0x20000004   Section      219  usbd_cdc.o(.data)
    ifalt                                    0x20000004   Data           1  usbd_cdc.o(.data)
    USBD_CDC_DeviceQualifierDesc             0x20000008   Data          10  usbd_cdc.o(.data)
    .data                                    0x200000e0   Section       56  usbd_cdc.o(.data)
    .data                                    0x20000118   Section       84  usbd_cdc_if.o(.data)
    .data                                    0x2000016c   Section       16  usbd_cdc_if.o(.data)
    .data                                    0x2000017c   Section        4  usbd_cdc_if.o(.data)
    .data                                    0x20000180   Section       96  main.o(.data)
    .data                                    0x200001e0   Section       28  usbd_desc.o(.data)
    .data                                    0x200001fc   Section       22  usbd_desc.o(.data)
    .data                                    0x20000214   Section       92  tft.o(.data)
    .data                                    0x20000270   Section        2  tft.o(.data)
    .data                                    0x20000272   Section        2  tft.o(.data)
    .data                                    0x20000274   Section        1  tft.o(.data)
    .data                                    0x20000275   Section        7  tft.o(.data)
    .data                                    0x2000027c   Section        8  tft.o(.data)
    .data                                    0x20000284   Section       10  tft.o(.data)
    .data                                    0x2000028e   Section        9  tft.o(.data)
    .data                                    0x20000297   Section        7  tft.o(.data)
    .data                                    0x2000029e   Section        9  tft.o(.data)
    .data                                    0x200002a7   Section        7  tft.o(.data)
    .data                                    0x200002ae   Section        8  tft.o(.data)
    .data                                    0x200002b6   Section        9  tft.o(.data)
    .data                                    0x200002bf   Section        6  tft.o(.data)
    .data                                    0x200002c5   Section        6  tft.o(.data)
    .data                                    0x200002cb   Section        4  tft.o(.data)
    .data                                    0x200002cf   Section        5  tft.o(.data)
    .data                                    0x200002d4   Section        5  tft.o(.data)
    .data                                    0x200002d9   Section        7  tft.o(.data)
    .data                                    0x200002e0   Section       10  tft.o(.data)
    .data                                    0x200002ea   Section        8  tft.o(.data)
    .data                                    0x200002f2   Section        9  tft.o(.data)
    .data                                    0x200002fb   Section        9  tft.o(.data)
    .data                                    0x20000304   Section        4  stm32f3xx_hal.o(.data)
    .data                                    0x20000308   Section        4  system_stm32f3xx.o(.data)
    .data                                    0x2000030c   Section        4  mvars.o(.data)
    .data                                    0x20000310   Section        4  mvars.o(.data)
    .bss                                     0x20000314   Section     2298  usbd_cdc_if.o(.bss)
    .bss                                     0x20000c10   Section      489  main.o(.bss)
    .bss                                     0x20000dfc   Section      512  usbd_desc.o(.bss)
    .bss                                     0x20000ffc   Section     1480  usbd_conf.o(.bss)
    mem                                      0x20000ffc   Data         544  usbd_conf.o(.bss)
    .bss                                     0x200015c4   Section      548  usb_device.o(.bss)
    .bss                                     0x200017e8   Section    12000  tft.o(.bss)
    HEAP                                     0x200046c8   Section     8192  startup_stm32f303xc.o(HEAP)
    STACK                                    0x200066c8   Section     8192  startup_stm32f303xc.o(STACK)

    Global Symbols

    Symbol Name                              Value     Ov Type        Size  Object(Section)

    BuildAttributes$$THM_ISAv4$E$P$D$K$B$S$7EM$VFPi3$EXTD16$VFPS$VFMA$PE$A:L22UL41UL21$X:L11$S22US41US21$IEEE1$IW$USESV6$~STKCKD$USESV7$~SHL$OSPACE$ROPI$EBA8$MICROLIB$REQ8$PRES8$EABIv2 0x00000000   Number         0  anon$$obj.o ABSOLUTE
    __ARM_use_no_argv                        0x00000000   Number         0  main.o ABSOLUTE
    _printf_a                                0x00000000   Number         0  stubs.o ABSOLUTE
    _printf_c                                0x00000000   Number         0  stubs.o ABSOLUTE
    _printf_charcount                        0x00000000   Number         0  stubs.o ABSOLUTE
    _printf_d                                0x00000000   Number         0  stubs.o ABSOLUTE
    _printf_e                                0x00000000   Number         0  stubs.o ABSOLUTE
    _printf_f                                0x00000000   Number         0  stubs.o ABSOLUTE
    _printf_flags                            0x00000000   Number         0  stubs.o ABSOLUTE
    _printf_fp_dec                           0x00000000   Number         0  stubs.o ABSOLUTE
    _printf_fp_hex                           0x00000000   Number         0  stubs.o ABSOLUTE
    _printf_g                                0x00000000   Number         0  stubs.o ABSOLUTE
    _printf_i                                0x00000000   Number         0  stubs.o ABSOLUTE
    _printf_int_dec                          0x00000000   Number         0  stubs.o ABSOLUTE
    _printf_l                                0x00000000   Number         0  stubs.o ABSOLUTE
    _printf_lc                               0x00000000   Number         0  stubs.o ABSOLUTE
    _printf_ll                               0x00000000   Number         0  stubs.o ABSOLUTE
    _printf_lld                              0x00000000   Number         0  stubs.o ABSOLUTE
    _printf_lli                              0x00000000   Number         0  stubs.o ABSOLUTE
    _printf_llo                              0x00000000   Number         0  stubs.o ABSOLUTE
    _printf_llu                              0x00000000   Number         0  stubs.o ABSOLUTE
    _printf_llx                              0x00000000   Number         0  stubs.o ABSOLUTE
    _printf_longlong_dec                     0x00000000   Number         0  stubs.o ABSOLUTE
    _printf_longlong_hex                     0x00000000   Number         0  stubs.o ABSOLUTE
    _printf_longlong_oct                     0x00000000   Number         0  stubs.o ABSOLUTE
    _printf_ls                               0x00000000   Number         0  stubs.o ABSOLUTE
    _printf_mbtowc                           0x00000000   Number         0  stubs.o ABSOLUTE
    _printf_n                                0x00000000   Number         0  stubs.o ABSOLUTE
    _printf_o                                0x00000000   Number         0  stubs.o ABSOLUTE
    _printf_p                                0x00000000   Number         0  stubs.o ABSOLUTE
    _printf_percent                          0x00000000   Number         0  stubs.o ABSOLUTE
    _printf_pre_padding                      0x00000000   Number         0  stubs.o ABSOLUTE
    _printf_return_value                     0x00000000   Number         0  stubs.o ABSOLUTE
    _printf_s                                0x00000000   Number         0  stubs.o ABSOLUTE
    _printf_sizespec                         0x00000000   Number         0  stubs.o ABSOLUTE
    _printf_str                              0x00000000   Number         0  stubs.o ABSOLUTE
    _printf_truncate_signed                  0x00000000   Number         0  stubs.o ABSOLUTE
    _printf_truncate_unsigned                0x00000000   Number         0  stubs.o ABSOLUTE
    _printf_u                                0x00000000   Number         0  stubs.o ABSOLUTE
    _printf_wc                               0x00000000   Number         0  stubs.o ABSOLUTE
    _printf_wctomb                           0x00000000   Number         0  stubs.o ABSOLUTE
    _printf_widthprec                        0x00000000   Number         0  stubs.o ABSOLUTE
    _printf_x                                0x00000000   Number         0  stubs.o ABSOLUTE
    __cpp_initialize__aeabi_                  - Undefined Weak Reference
    __cxa_finalize                            - Undefined Weak Reference
    _clock_init                               - Undefined Weak Reference
    _microlib_exit                            - Undefined Weak Reference
    __Vectors_Size                           0x00000188   Number         0  startup_stm32f303xc.o ABSOLUTE
    __Vectors                                0x08000000   Data           4  startup_stm32f303xc.o(RESET)
    __Vectors_End                            0x08000188   Data           0  startup_stm32f303xc.o(RESET)
    __main                                   0x08000189   Thumb Code     0  entry.o(.ARM.Collect$$$$00000000)
    _main_stk                                0x08000189   Thumb Code     0  entry2.o(.ARM.Collect$$$$00000001)
    _main_scatterload                        0x0800018d   Thumb Code     0  entry5.o(.ARM.Collect$$$$00000004)
    __main_after_scatterload                 0x08000191   Thumb Code     0  entry5.o(.ARM.Collect$$$$00000004)
    _main_clock                              0x08000191   Thumb Code     0  entry7b.o(.ARM.Collect$$$$00000008)
    _main_cpp_init                           0x08000191   Thumb Code     0  entry8b.o(.ARM.Collect$$$$0000000A)
    _main_init                               0x08000191   Thumb Code     0  entry9a.o(.ARM.Collect$$$$0000000B)
    __rt_final_cpp                           0x08000199   Thumb Code     0  entry10a.o(.ARM.Collect$$$$0000000D)
    __rt_final_exit                          0x08000199   Thumb Code     0  entry11a.o(.ARM.Collect$$$$0000000F)
    Reset_Handler                            0x0800019d   Thumb Code     8  startup_stm32f303xc.o(.text)
    ADC3_IRQHandler                          0x080001b7   Thumb Code     0  startup_stm32f303xc.o(.text)
    ADC4_IRQHandler                          0x080001b7   Thumb Code     0  startup_stm32f303xc.o(.text)
    CAN_RX1_IRQHandler                       0x080001b7   Thumb Code     0  startup_stm32f303xc.o(.text)
    CAN_SCE_IRQHandler                       0x080001b7   Thumb Code     0  startup_stm32f303xc.o(.text)
    COMP1_2_3_IRQHandler                     0x080001b7   Thumb Code     0  startup_stm32f303xc.o(.text)
    COMP4_5_6_IRQHandler                     0x080001b7   Thumb Code     0  startup_stm32f303xc.o(.text)
    COMP7_IRQHandler                         0x080001b7   Thumb Code     0  startup_stm32f303xc.o(.text)
    DMA1_Channel1_IRQHandler                 0x080001b7   Thumb Code     0  startup_stm32f303xc.o(.text)
    DMA1_Channel2_IRQHandler                 0x080001b7   Thumb Code     0  startup_stm32f303xc.o(.text)
    DMA1_Channel3_IRQHandler                 0x080001b7   Thumb Code     0  startup_stm32f303xc.o(.text)
    DMA1_Channel4_IRQHandler                 0x080001b7   Thumb Code     0  startup_stm32f303xc.o(.text)
    DMA1_Channel5_IRQHandler                 0x080001b7   Thumb Code     0  startup_stm32f303xc.o(.text)
    DMA1_Channel6_IRQHandler                 0x080001b7   Thumb Code     0  startup_stm32f303xc.o(.text)
    DMA1_Channel7_IRQHandler                 0x080001b7   Thumb Code     0  startup_stm32f303xc.o(.text)
    DMA2_Channel1_IRQHandler                 0x080001b7   Thumb Code     0  startup_stm32f303xc.o(.text)
    DMA2_Channel2_IRQHandler                 0x080001b7   Thumb Code     0  startup_stm32f303xc.o(.text)
    DMA2_Channel3_IRQHandler                 0x080001b7   Thumb Code     0  startup_stm32f303xc.o(.text)
    DMA2_Channel4_IRQHandler                 0x080001b7   Thumb Code     0  startup_stm32f303xc.o(.text)
    DMA2_Channel5_IRQHandler                 0x080001b7   Thumb Code     0  startup_stm32f303xc.o(.text)
    EXTI0_IRQHandler                         0x080001b7   Thumb Code     0  startup_stm32f303xc.o(.text)
    EXTI15_10_IRQHandler                     0x080001b7   Thumb Code     0  startup_stm32f303xc.o(.text)
    EXTI1_IRQHandler                         0x080001b7   Thumb Code     0  startup_stm32f303xc.o(.text)
    EXTI2_TSC_IRQHandler                     0x080001b7   Thumb Code     0  startup_stm32f303xc.o(.text)
    EXTI3_IRQHandler                         0x080001b7   Thumb Code     0  startup_stm32f303xc.o(.text)
    EXTI4_IRQHandler                         0x080001b7   Thumb Code     0  startup_stm32f303xc.o(.text)
    EXTI9_5_IRQHandler                       0x080001b7   Thumb Code     0  startup_stm32f303xc.o(.text)
    FLASH_IRQHandler                         0x080001b7   Thumb Code     0  startup_stm32f303xc.o(.text)
    FPU_IRQHandler                           0x080001b7   Thumb Code     0  startup_stm32f303xc.o(.text)
    I2C1_ER_IRQHandler                       0x080001b7   Thumb Code     0  startup_stm32f303xc.o(.text)
    I2C1_EV_IRQHandler                       0x080001b7   Thumb Code     0  startup_stm32f303xc.o(.text)
    I2C2_ER_IRQHandler                       0x080001b7   Thumb Code     0  startup_stm32f303xc.o(.text)
    I2C2_EV_IRQHandler                       0x080001b7   Thumb Code     0  startup_stm32f303xc.o(.text)
    PVD_IRQHandler                           0x080001b7   Thumb Code     0  startup_stm32f303xc.o(.text)
    RCC_IRQHandler                           0x080001b7   Thumb Code     0  startup_stm32f303xc.o(.text)
    RTC_WKUP_IRQHandler                      0x080001b7   Thumb Code     0  startup_stm32f303xc.o(.text)
    SPI1_IRQHandler                          0x080001b7   Thumb Code     0  startup_stm32f303xc.o(.text)
    SPI2_IRQHandler                          0x080001b7   Thumb Code     0  startup_stm32f303xc.o(.text)
    SPI3_IRQHandler                          0x080001b7   Thumb Code     0  startup_stm32f303xc.o(.text)
    TAMP_STAMP_IRQHandler                    0x080001b7   Thumb Code     0  startup_stm32f303xc.o(.text)
    TIM1_BRK_TIM15_IRQHandler                0x080001b7   Thumb Code     0  startup_stm32f303xc.o(.text)
    TIM1_CC_IRQHandler                       0x080001b7   Thumb Code     0  startup_stm32f303xc.o(.text)
    TIM1_TRG_COM_TIM17_IRQHandler            0x080001b7   Thumb Code     0  startup_stm32f303xc.o(.text)
    TIM1_UP_TIM16_IRQHandler                 0x080001b7   Thumb Code     0  startup_stm32f303xc.o(.text)
    TIM2_IRQHandler                          0x080001b7   Thumb Code     0  startup_stm32f303xc.o(.text)
    TIM3_IRQHandler                          0x080001b7   Thumb Code     0  startup_stm32f303xc.o(.text)
    TIM4_IRQHandler                          0x080001b7   Thumb Code     0  startup_stm32f303xc.o(.text)
    TIM8_BRK_IRQHandler                      0x080001b7   Thumb Code     0  startup_stm32f303xc.o(.text)
    TIM8_CC_IRQHandler                       0x080001b7   Thumb Code     0  startup_stm32f303xc.o(.text)
    TIM8_TRG_COM_IRQHandler                  0x080001b7   Thumb Code     0  startup_stm32f303xc.o(.text)
    TIM8_UP_IRQHandler                       0x080001b7   Thumb Code     0  startup_stm32f303xc.o(.text)
    UART5_IRQHandler                         0x080001b7   Thumb Code     0  startup_stm32f303xc.o(.text)
    USART1_IRQHandler                        0x080001b7   Thumb Code     0  startup_stm32f303xc.o(.text)
    USART2_IRQHandler                        0x080001b7   Thumb Code     0  startup_stm32f303xc.o(.text)
    USART3_IRQHandler                        0x080001b7   Thumb Code     0  startup_stm32f303xc.o(.text)
    USBWakeUp_IRQHandler                     0x080001b7   Thumb Code     0  startup_stm32f303xc.o(.text)
    USBWakeUp_RMP_IRQHandler                 0x080001b7   Thumb Code     0  startup_stm32f303xc.o(.text)
    USB_HP_CAN_TX_IRQHandler                 0x080001b7   Thumb Code     0  startup_stm32f303xc.o(.text)
    USB_HP_IRQHandler                        0x080001b7   Thumb Code     0  startup_stm32f303xc.o(.text)
    USB_LP_IRQHandler                        0x080001b7   Thumb Code     0  startup_stm32f303xc.o(.text)
    WWDG_IRQHandler                          0x080001b7   Thumb Code     0  startup_stm32f303xc.o(.text)
    __rt_ctype_table                         0x080001c1   Thumb Code     4  ctype_o.o(.text)
    __aeabi_memcpy                           0x080001c9   Thumb Code    36  memcpya.o(.text)
    __aeabi_memcpy4                          0x080001c9   Thumb Code     0  memcpya.o(.text)
    __aeabi_memcpy8                          0x080001c9   Thumb Code     0  memcpya.o(.text)
    __aeabi_uidiv                            0x080001ed   Thumb Code     0  uidiv.o(.text)
    __aeabi_uidivmod                         0x080001ed   Thumb Code    44  uidiv.o(.text)
    __scatterload                            0x08000219   Thumb Code    28  init.o(.text)
    __scatterload_rt2                        0x08000219   Thumb Code     0  init.o(.text)
    __decompress                             0x0800023d   Thumb Code     0  __dczerorl2.o(.text)
    __decompress1                            0x0800023d   Thumb Code    86  __dczerorl2.o(.text)
    ADC1_2_IRQHandler                        0x08000295   Thumb Code     6  stm32f3xx_it.o(i.ADC1_2_IRQHandler)
    BusFault_Handler                         0x08000365   Thumb Code     2  stm32f3xx_it.o(i.BusFault_Handler)
    DebugMon_Handler                         0x08000585   Thumb Code     2  stm32f3xx_it.o(i.DebugMon_Handler)
    DrawBlocks                               0x08000589   Thumb Code   100  usbd_cdc_if.o(i.DrawBlocks)
    GetTouchX                                0x080005f9   Thumb Code    62  main.o(i.GetTouchX)
    GetTouchY                                0x0800063d   Thumb Code    62  main.o(i.GetTouchY)
    HAL_ADCEx_InjectedConvCpltCallback       0x08000681   Thumb Code     2  stm32f3xx_hal_adc_ex.o(i.HAL_ADCEx_InjectedConvCpltCallback)
    HAL_ADCEx_InjectedQueueOverflowCallback  0x08000683   Thumb Code     2  stm32f3xx_hal_adc_ex.o(i.HAL_ADCEx_InjectedQueueOverflowCallback)
    HAL_ADCEx_LevelOutOfWindow2Callback      0x08000685   Thumb Code     2  stm32f3xx_hal_adc_ex.o(i.HAL_ADCEx_LevelOutOfWindow2Callback)
    HAL_ADCEx_LevelOutOfWindow3Callback      0x08000687   Thumb Code     2  stm32f3xx_hal_adc_ex.o(i.HAL_ADCEx_LevelOutOfWindow3Callback)
    HAL_ADCEx_MultiModeConfigChannel         0x08000689   Thumb Code   256  stm32f3xx_hal_adc_ex.o(i.HAL_ADCEx_MultiModeConfigChannel)
    HAL_ADC_ConfigChannel                    0x0800079d   Thumb Code   884  stm32f3xx_hal_adc_ex.o(i.HAL_ADC_ConfigChannel)
    HAL_ADC_ConvCpltCallback                 0x08000b31   Thumb Code    64  main.o(i.HAL_ADC_ConvCpltCallback)
    HAL_ADC_ErrorCallback                    0x08000b75   Thumb Code     2  stm32f3xx_hal_adc.o(i.HAL_ADC_ErrorCallback)
    HAL_ADC_GetValue                         0x08000b77   Thumb Code     6  stm32f3xx_hal_adc_ex.o(i.HAL_ADC_GetValue)
    HAL_ADC_IRQHandler                       0x08000b7d   Thumb Code   790  stm32f3xx_hal_adc_ex.o(i.HAL_ADC_IRQHandler)
    HAL_ADC_Init                             0x08000ea5   Thumb Code   546  stm32f3xx_hal_adc_ex.o(i.HAL_ADC_Init)
    HAL_ADC_LevelOutOfWindowCallback         0x080010ed   Thumb Code     2  stm32f3xx_hal_adc.o(i.HAL_ADC_LevelOutOfWindowCallback)
    HAL_ADC_MspInit                          0x080010f1   Thumb Code    72  stm32f3xx_hal_msp.o(i.HAL_ADC_MspInit)
    HAL_ADC_Start_IT                         0x0800113d   Thumb Code   370  stm32f3xx_hal_adc_ex.o(i.HAL_ADC_Start_IT)
    HAL_DACEx_DMAUnderrunCallbackCh2         0x080012bd   Thumb Code     2  stm32f3xx_hal_dac_ex.o(i.HAL_DACEx_DMAUnderrunCallbackCh2)
    HAL_DAC_ConfigChannel                    0x080012bf   Thumb Code    66  stm32f3xx_hal_dac_ex.o(i.HAL_DAC_ConfigChannel)
    HAL_DAC_DMAUnderrunCallbackCh1           0x08001301   Thumb Code     2  stm32f3xx_hal_dac.o(i.HAL_DAC_DMAUnderrunCallbackCh1)
    HAL_DAC_IRQHandler                       0x08001303   Thumb Code   100  stm32f3xx_hal_dac_ex.o(i.HAL_DAC_IRQHandler)
    HAL_DAC_Init                             0x08001367   Thumb Code    40  stm32f3xx_hal_dac.o(i.HAL_DAC_Init)
    HAL_DAC_MspInit                          0x08001391   Thumb Code    72  stm32f3xx_hal_msp.o(i.HAL_DAC_MspInit)
    HAL_DAC_SetValue                         0x080013e1   Thumb Code    26  stm32f3xx_hal_dac_ex.o(i.HAL_DAC_SetValue)
    HAL_DAC_Start                            0x080013fb   Thumb Code    84  stm32f3xx_hal_dac_ex.o(i.HAL_DAC_Start)
    HAL_DMA_Abort_IT                         0x0800144f   Thumb Code    74  stm32f3xx_hal_dma.o(i.HAL_DMA_Abort_IT)
    HAL_Delay                                0x08001499   Thumb Code    22  stm32f3xx_hal.o(i.HAL_Delay)
    HAL_GPIO_Init                            0x080014b1   Thumb Code   364  stm32f3xx_hal_gpio.o(i.HAL_GPIO_Init)
    HAL_GPIO_WritePin                        0x08001639   Thumb Code    10  stm32f3xx_hal_gpio.o(i.HAL_GPIO_WritePin)
    HAL_GetTick                              0x08001645   Thumb Code     6  stm32f3xx_hal.o(i.HAL_GetTick)
    HAL_IncTick                              0x08001651   Thumb Code    10  stm32f3xx_hal.o(i.HAL_IncTick)
    HAL_Init                                 0x08001661   Thumb Code    32  stm32f3xx_hal.o(i.HAL_Init)
    HAL_InitTick                             0x08001685   Thumb Code    34  stm32f3xx_hal.o(i.HAL_InitTick)
    HAL_MspInit                              0x080016ad   Thumb Code   106  stm32f3xx_hal_msp.o(i.HAL_MspInit)
    HAL_NVIC_EnableIRQ                       0x0800171d   Thumb Code    22  stm32f3xx_hal_cortex.o(i.HAL_NVIC_EnableIRQ)
    HAL_NVIC_SetPriority                     0x08001735   Thumb Code    60  stm32f3xx_hal_cortex.o(i.HAL_NVIC_SetPriority)
    HAL_NVIC_SetPriorityGrouping             0x08001775   Thumb Code    26  stm32f3xx_hal_cortex.o(i.HAL_NVIC_SetPriorityGrouping)
    HAL_PCDEx_PMAConfig                      0x08001799   Thumb Code    60  stm32f3xx_hal_pcd_ex.o(i.HAL_PCDEx_PMAConfig)
    HAL_PCDEx_SetConnectionState             0x080017d5   Thumb Code     2  usbd_conf.o(i.HAL_PCDEx_SetConnectionState)
    HAL_PCD_DataInStageCallback              0x080017d7   Thumb Code    18  usbd_conf.o(i.HAL_PCD_DataInStageCallback)
    HAL_PCD_DataOutStageCallback             0x080017e9   Thumb Code    20  usbd_conf.o(i.HAL_PCD_DataOutStageCallback)
    HAL_PCD_EP_Close                         0x080017fd   Thumb Code   348  stm32f3xx_hal_pcd.o(i.HAL_PCD_EP_Close)
    HAL_PCD_EP_ClrStall                      0x08001959   Thumb Code   178  stm32f3xx_hal_pcd.o(i.HAL_PCD_EP_ClrStall)
    HAL_PCD_EP_GetRxCount                    0x08001a0b   Thumb Code    20  stm32f3xx_hal_pcd.o(i.HAL_PCD_EP_GetRxCount)
    HAL_PCD_EP_Open                          0x08001a1f   Thumb Code   720  stm32f3xx_hal_pcd.o(i.HAL_PCD_EP_Open)
    HAL_PCD_EP_Receive                       0x08001cf1   Thumb Code   230  stm32f3xx_hal_pcd.o(i.HAL_PCD_EP_Receive)
    HAL_PCD_EP_SetStall                      0x08001dd7   Thumb Code   138  stm32f3xx_hal_pcd.o(i.HAL_PCD_EP_SetStall)
    HAL_PCD_EP_Transmit                      0x08001e61   Thumb Code   230  stm32f3xx_hal_pcd.o(i.HAL_PCD_EP_Transmit)
    HAL_PCD_IRQHandler                       0x08001f47   Thumb Code   252  stm32f3xx_hal_pcd.o(i.HAL_PCD_IRQHandler)
    HAL_PCD_Init                             0x08002043   Thumb Code   166  stm32f3xx_hal_pcd.o(i.HAL_PCD_Init)
    HAL_PCD_MspInit                          0x080020e9   Thumb Code    80  usbd_conf.o(i.HAL_PCD_MspInit)
    HAL_PCD_ResetCallback                    0x08002141   Thumb Code    26  usbd_conf.o(i.HAL_PCD_ResetCallback)
    HAL_PCD_ResumeCallback                   0x0800215b   Thumb Code     8  usbd_conf.o(i.HAL_PCD_ResumeCallback)
    HAL_PCD_SOFCallback                      0x08002163   Thumb Code     8  usbd_conf.o(i.HAL_PCD_SOFCallback)
    HAL_PCD_SetAddress                       0x0800216b   Thumb Code    44  stm32f3xx_hal_pcd.o(i.HAL_PCD_SetAddress)
    HAL_PCD_SetupStageCallback               0x08002197   Thumb Code    14  usbd_conf.o(i.HAL_PCD_SetupStageCallback)
    HAL_PCD_Start                            0x080021a5   Thumb Code    12  stm32f3xx_hal_pcd.o(i.HAL_PCD_Start)
    HAL_PCD_SuspendCallback                  0x080021b1   Thumb Code    30  usbd_conf.o(i.HAL_PCD_SuspendCallback)
    HAL_RCCEx_PeriphCLKConfig                0x080021d5   Thumb Code   522  stm32f3xx_hal_rcc_ex.o(i.HAL_RCCEx_PeriphCLKConfig)
    HAL_RCC_ClockConfig                      0x080023ed   Thumb Code   374  stm32f3xx_hal_rcc.o(i.HAL_RCC_ClockConfig)
    HAL_RCC_GetHCLKFreq                      0x08002575   Thumb Code     6  stm32f3xx_hal_rcc.o(i.HAL_RCC_GetHCLKFreq)
    HAL_RCC_GetPCLK1Freq                     0x08002581   Thumb Code    34  stm32f3xx_hal_rcc.o(i.HAL_RCC_GetPCLK1Freq)
    HAL_RCC_GetPCLK2Freq                     0x080025b1   Thumb Code    34  stm32f3xx_hal_rcc.o(i.HAL_RCC_GetPCLK2Freq)
    HAL_RCC_GetSysClockFreq                  0x080025e1   Thumb Code    84  stm32f3xx_hal_rcc.o(i.HAL_RCC_GetSysClockFreq)
    HAL_RCC_OscConfig                        0x08002645   Thumb Code  1452  stm32f3xx_hal_rcc.o(i.HAL_RCC_OscConfig)
    HAL_RTCEx_AlarmBEventCallback            0x08002bf1   Thumb Code     2  stm32f3xx_hal_rtc_ex.o(i.HAL_RTCEx_AlarmBEventCallback)
    HAL_RTCEx_BKUPRead                       0x08002bf3   Thumb Code    10  stm32f3xx_hal_rtc_ex.o(i.HAL_RTCEx_BKUPRead)
    HAL_RTCEx_BKUPWrite                      0x08002bfd   Thumb Code    10  stm32f3xx_hal_rtc_ex.o(i.HAL_RTCEx_BKUPWrite)
    HAL_RTCEx_EnableBypassShadow             0x08002c07   Thumb Code    56  stm32f3xx_hal_rtc_ex.o(i.HAL_RTCEx_EnableBypassShadow)
    HAL_RTC_AlarmAEventCallback              0x08002c3f   Thumb Code     2  stm32f3xx_hal_rtc.o(i.HAL_RTC_AlarmAEventCallback)
    HAL_RTC_AlarmIRQHandler                  0x08002c41   Thumb Code    86  stm32f3xx_hal_rtc.o(i.HAL_RTC_AlarmIRQHandler)
    HAL_RTC_GetDate                          0x08002c9d   Thumb Code    62  stm32f3xx_hal_rtc.o(i.HAL_RTC_GetDate)
    HAL_RTC_GetTime                          0x08002ce1   Thumb Code    82  stm32f3xx_hal_rtc.o(i.HAL_RTC_GetTime)
    HAL_RTC_Init                             0x08002d39   Thumb Code   150  stm32f3xx_hal_rtc.o(i.HAL_RTC_Init)
    HAL_RTC_MspInit                          0x08002dd5   Thumb Code    54  stm32f3xx_hal_msp.o(i.HAL_RTC_MspInit)
    HAL_RTC_SetAlarm_IT                      0x08002e15   Thumb Code   400  stm32f3xx_hal_rtc.o(i.HAL_RTC_SetAlarm_IT)
    HAL_RTC_SetDate                          0x08002fa9   Thumb Code   204  stm32f3xx_hal_rtc.o(i.HAL_RTC_SetDate)
    HAL_RTC_SetTime                          0x08003079   Thumb Code   236  stm32f3xx_hal_rtc.o(i.HAL_RTC_SetTime)
    HAL_RTC_WaitForSynchro                   0x08003169   Thumb Code    54  stm32f3xx_hal_rtc.o(i.HAL_RTC_WaitForSynchro)
    HAL_SYSTICK_CLKSourceConfig              0x0800319f   Thumb Code    24  stm32f3xx_hal_cortex.o(i.HAL_SYSTICK_CLKSourceConfig)
    HAL_SYSTICK_Callback                     0x080031b7   Thumb Code     2  stm32f3xx_hal_cortex.o(i.HAL_SYSTICK_Callback)
    HAL_SYSTICK_Config                       0x080031b9   Thumb Code    40  stm32f3xx_hal_cortex.o(i.HAL_SYSTICK_Config)
    HAL_SYSTICK_IRQHandler                   0x080031e1   Thumb Code     8  stm32f3xx_hal_cortex.o(i.HAL_SYSTICK_IRQHandler)
    HAL_TIMEx_BreakCallback                  0x080031e9   Thumb Code     2  stm32f3xx_hal_tim_ex.o(i.HAL_TIMEx_BreakCallback)
    HAL_TIMEx_CommutationCallback            0x080031eb   Thumb Code     2  stm32f3xx_hal_tim_ex.o(i.HAL_TIMEx_CommutationCallback)
    HAL_TIMEx_ConfigBreakDeadTime            0x080031ed   Thumb Code   138  stm32f3xx_hal_tim_ex.o(i.HAL_TIMEx_ConfigBreakDeadTime)
    HAL_TIMEx_MasterConfigSynchronization    0x08003281   Thumb Code    78  stm32f3xx_hal_tim_ex.o(i.HAL_TIMEx_MasterConfigSynchronization)
    HAL_TIM_Base_Init                        0x080032d9   Thumb Code    54  stm32f3xx_hal_tim.o(i.HAL_TIM_Base_Init)
    HAL_TIM_Base_MspInit                     0x08003311   Thumb Code    86  stm32f3xx_hal_msp.o(i.HAL_TIM_Base_MspInit)
    HAL_TIM_Base_Start_IT                    0x08003375   Thumb Code    24  stm32f3xx_hal_tim.o(i.HAL_TIM_Base_Start_IT)
    HAL_TIM_IC_CaptureCallback               0x0800338d   Thumb Code     2  stm32f3xx_hal_tim.o(i.HAL_TIM_IC_CaptureCallback)
    HAL_TIM_IRQHandler                       0x0800338f   Thumb Code   358  stm32f3xx_hal_tim.o(i.HAL_TIM_IRQHandler)
    HAL_TIM_MspPostInit                      0x080034f5   Thumb Code    44  stm32f3xx_hal_msp.o(i.HAL_TIM_MspPostInit)
    HAL_TIM_OC_DelayElapsedCallback          0x08003529   Thumb Code     2  stm32f3xx_hal_tim.o(i.HAL_TIM_OC_DelayElapsedCallback)
    HAL_TIM_PWM_ConfigChannel                0x0800352b   Thumb Code   296  stm32f3xx_hal_tim_ex.o(i.HAL_TIM_PWM_ConfigChannel)
    HAL_TIM_PWM_Init                         0x08003653   Thumb Code    54  stm32f3xx_hal_tim.o(i.HAL_TIM_PWM_Init)
    HAL_TIM_PWM_MspInit                      0x08003689   Thumb Code    30  stm32f3xx_hal_msp.o(i.HAL_TIM_PWM_MspInit)
    HAL_TIM_PWM_PulseFinishedCallback        0x080036b1   Thumb Code     2  stm32f3xx_hal_tim.o(i.HAL_TIM_PWM_PulseFinishedCallback)
    HAL_TIM_PeriodElapsedCallback            0x080036b5   Thumb Code    24  main.o(i.HAL_TIM_PeriodElapsedCallback)
    HAL_TIM_TriggerCallback                  0x080036d5   Thumb Code     2  stm32f3xx_hal_tim.o(i.HAL_TIM_TriggerCallback)
    HAL_UARTEx_WakeupCallback                0x080036d7   Thumb Code     2  stm32f3xx_hal_uart_ex.o(i.HAL_UARTEx_WakeupCallback)
    HAL_UART_ErrorCallback                   0x080036d9   Thumb Code     2  stm32f3xx_hal_uart.o(i.HAL_UART_ErrorCallback)
    HAL_UART_IRQHandler                      0x080036dd   Thumb Code   316  stm32f3xx_hal_uart.o(i.HAL_UART_IRQHandler)
    HAL_UART_Init                            0x0800381d   Thumb Code   106  stm32f3xx_hal_uart.o(i.HAL_UART_Init)
    HAL_UART_MspInit                         0x08003889   Thumb Code    80  stm32f3xx_hal_msp.o(i.HAL_UART_MspInit)
    HAL_UART_Receive_IT                      0x080038e5   Thumb Code   122  stm32f3xx_hal_uart.o(i.HAL_UART_Receive_IT)
    HAL_UART_RxCpltCallback                  0x08003961   Thumb Code    28  main.o(i.HAL_UART_RxCpltCallback)
    HAL_UART_TxCpltCallback                  0x08003989   Thumb Code     2  stm32f3xx_hal_uart.o(i.HAL_UART_TxCpltCallback)
    HardFault_Handler                        0x0800398b   Thumb Code     2  stm32f3xx_it.o(i.HardFault_Handler)
    MX_USB_DEVICE_Init                       0x08003d91   Thumb Code    38  usb_device.o(i.MX_USB_DEVICE_Init)
    MemManage_Handler                        0x08003dc9   Thumb Code     2  stm32f3xx_it.o(i.MemManage_Handler)
    NMI_Handler                              0x08003dcb   Thumb Code     2  stm32f3xx_it.o(i.NMI_Handler)
    PCD_ReadPMA                              0x08004155   Thumb Code    46  stm32f3xx_hal_pcd_ex.o(i.PCD_ReadPMA)
    PCD_WritePMA                             0x08004183   Thumb Code    38  stm32f3xx_hal_pcd_ex.o(i.PCD_WritePMA)
    PendSV_Handler                           0x080041a9   Thumb Code     2  stm32f3xx_it.o(i.PendSV_Handler)
    PlayWAV                                  0x080041ad   Thumb Code   160  usbd_cdc_if.o(i.PlayWAV)
    RTC_Alarm_IRQHandler                     0x08004261   Thumb Code     6  stm32f3xx_it.o(i.RTC_Alarm_IRQHandler)
    RTC_Bcd2ToByte                           0x0800426d   Thumb Code    18  stm32f3xx_hal_rtc.o(i.RTC_Bcd2ToByte)
    RTC_ByteToBcd2                           0x0800427f   Thumb Code    22  stm32f3xx_hal_rtc.o(i.RTC_ByteToBcd2)
    RTC_EnterInitMode                        0x08004295   Thumb Code    58  stm32f3xx_hal_rtc.o(i.RTC_EnterInitMode)
    ReadCMDLine                              0x080042d1   Thumb Code   182  usbd_cdc_if.o(i.ReadCMDLine)
    ReadCMDParams                            0x08004399   Thumb Code    90  usbd_cdc_if.o(i.ReadCMDParams)
    SVC_Handler                              0x080043f3   Thumb Code     2  stm32f3xx_it.o(i.SVC_Handler)
    SysTick_Handler                          0x080043f5   Thumb Code    14  stm32f3xx_it.o(i.SysTick_Handler)
    SystemClock_Config                       0x08004405   Thumb Code   130  main.o(i.SystemClock_Config)
    SystemInit                               0x0800448d   Thumb Code    82  system_stm32f3xx.o(i.SystemInit)
    TFT_ClearScreen                          0x080044f5   Thumb Code    36  tft.o(i.TFT_ClearScreen)
    TFT_DrawBMP                              0x0800451d   Thumb Code    74  tft.o(i.TFT_DrawBMP)
    TFT_DrawBMPFromBuffer                    0x08004569   Thumb Code    72  tft.o(i.TFT_DrawBMPFromBuffer)
    TFT_DrawChar                             0x080045b5   Thumb Code   122  tft.o(i.TFT_DrawChar)
    TFT_DrawDay                              0x08004639   Thumb Code    76  tft.o(i.TFT_DrawDay)
    TFT_DrawFullDate                         0x08004689   Thumb Code   136  main.o(i.TFT_DrawFullDate)
    TFT_DrawMonth                            0x08004735   Thumb Code    76  tft.o(i.TFT_DrawMonth)
    TFT_DrawNumber                           0x08004785   Thumb Code    58  tft.o(i.TFT_DrawNumber)
    TFT_DrawString                           0x080047c5   Thumb Code    60  tft.o(i.TFT_DrawString)
    TFT_DrawStringNumber                     0x08004805   Thumb Code   100  tft.o(i.TFT_DrawStringNumber)
    TFT_DrawTimeLine                         0x0800486d   Thumb Code   182  tft.o(i.TFT_DrawTimeLine)
    TFT_FillScreen                           0x08004931   Thumb Code   140  tft.o(i.TFT_FillScreen)
    TFT_IncVerticalScrolling                 0x080049c1   Thumb Code    46  tft.o(i.TFT_IncVerticalScrolling)
    TFT_Init                                 0x080049f1   Thumb Code   500  tft.o(i.TFT_Init)
    TFT_ReadX                                0x08004bed   Thumb Code    20  main.o(i.TFT_ReadX)
    TFT_ReadY                                0x08004c05   Thumb Code    20  main.o(i.TFT_ReadY)
    TFT_SendCMD                              0x08004c1d   Thumb Code    20  tft.o(i.TFT_SendCMD)
    TFT_SendData                             0x08004c35   Thumb Code    18  tft.o(i.TFT_SendData)
    TFT_SendDataStream                       0x08004c51   Thumb Code    40  tft.o(i.TFT_SendDataStream)
    TFT_SetCol                               0x08004c81   Thumb Code    40  tft.o(i.TFT_SetCol)
    TFT_SetOrientation                       0x08004ca9   Thumb Code    66  tft.o(i.TFT_SetOrientation)
    TFT_SetPage                              0x08004cf1   Thumb Code    40  tft.o(i.TFT_SetPage)
    TFT_VerticalScrollingDefinition          0x08004d19   Thumb Code    56  tft.o(i.TFT_VerticalScrollingDefinition)
    TFT_VerticalScrollingStartAddress        0x08004d51   Thumb Code    26  tft.o(i.TFT_VerticalScrollingStartAddress)
    TIM6_DAC_IRQHandler                      0x08004d6d   Thumb Code    18  stm32f3xx_it.o(i.TIM6_DAC_IRQHandler)
    TIM7_IRQHandler                          0x08004d89   Thumb Code     6  stm32f3xx_it.o(i.TIM7_IRQHandler)
    TIM_Base_SetConfig                       0x08004d95   Thumb Code   146  stm32f3xx_hal_tim.o(i.TIM_Base_SetConfig)
    TIM_OC1_SetConfig                        0x08004e45   Thumb Code   132  stm32f3xx_hal_tim.o(i.TIM_OC1_SetConfig)
    TIM_OC2_SetConfig                        0x08004ee1   Thumb Code   120  stm32f3xx_hal_tim.o(i.TIM_OC2_SetConfig)
    TIM_OC3_SetConfig                        0x08004f71   Thumb Code   118  stm32f3xx_hal_tim.o(i.TIM_OC3_SetConfig)
    TIM_OC4_SetConfig                        0x08005001   Thumb Code    92  stm32f3xx_hal_tim.o(i.TIM_OC4_SetConfig)
    UART4_IRQHandler                         0x08005155   Thumb Code     6  stm32f3xx_it.o(i.UART4_IRQHandler)
    UART_AdvFeatureConfig                    0x08005161   Thumb Code   200  stm32f3xx_hal_uart.o(i.UART_AdvFeatureConfig)
    UART_CheckIdleState                      0x08005229   Thumb Code    92  stm32f3xx_hal_uart.o(i.UART_CheckIdleState)
    UART_EndTransmit_IT                      0x080052b5   Thumb Code    26  stm32f3xx_hal_uart.o(i.UART_EndTransmit_IT)
    UART_Receive_IT                          0x080052cf   Thumb Code   118  stm32f3xx_hal_uart.o(i.UART_Receive_IT)
    UART_SetConfig                           0x08005345   Thumb Code   434  stm32f3xx_hal_uart.o(i.UART_SetConfig)
    UART_Transmit_IT                         0x08005519   Thumb Code   100  stm32f3xx_hal_uart.o(i.UART_Transmit_IT)
    UART_WaitOnFlagUntilTimeout              0x0800557d   Thumb Code   100  stm32f3xx_hal_uart.o(i.UART_WaitOnFlagUntilTimeout)
    USBD_CDC_GetDeviceQualifierDescriptor    0x08005685   Thumb Code     8  usbd_cdc.o(i.USBD_CDC_GetDeviceQualifierDescriptor)
    USBD_CDC_ReceivePacket                   0x0800573d   Thumb Code    40  usbd_cdc.o(i.USBD_CDC_ReceivePacket)
    USBD_CDC_RegisterInterface               0x08005765   Thumb Code    16  usbd_cdc.o(i.USBD_CDC_RegisterInterface)
    USBD_CDC_SetRxBuffer                     0x08005775   Thumb Code    12  usbd_cdc.o(i.USBD_CDC_SetRxBuffer)
    USBD_CDC_SetTxBuffer                     0x08005781   Thumb Code    16  usbd_cdc.o(i.USBD_CDC_SetTxBuffer)
    USBD_ClrClassConfig                      0x08005801   Thumb Code    14  usbd_core.o(i.USBD_ClrClassConfig)
    USBD_CtlContinueRx                       0x0800580f   Thumb Code    16  usbd_ioreq.o(i.USBD_CtlContinueRx)
    USBD_CtlContinueSendData                 0x0800581f   Thumb Code    16  usbd_ioreq.o(i.USBD_CtlContinueSendData)
    USBD_CtlError                            0x0800582f   Thumb Code    22  usbd_ctlreq.o(i.USBD_CtlError)
    USBD_CtlPrepareRx                        0x08005845   Thumb Code    30  usbd_ioreq.o(i.USBD_CtlPrepareRx)
    USBD_CtlReceiveStatus                    0x08005863   Thumb Code    22  usbd_ioreq.o(i.USBD_CtlReceiveStatus)
    USBD_CtlSendData                         0x08005879   Thumb Code    26  usbd_ioreq.o(i.USBD_CtlSendData)
    USBD_CtlSendStatus                       0x08005893   Thumb Code    22  usbd_ioreq.o(i.USBD_CtlSendStatus)
    USBD_FS_ConfigStrDescriptor              0x080058a9   Thumb Code    16  usbd_desc.o(i.USBD_FS_ConfigStrDescriptor)
    USBD_FS_DeviceDescriptor                 0x080058c9   Thumb Code     8  usbd_desc.o(i.USBD_FS_DeviceDescriptor)
    USBD_FS_InterfaceStrDescriptor           0x080058d5   Thumb Code    16  usbd_desc.o(i.USBD_FS_InterfaceStrDescriptor)
    USBD_FS_LangIDStrDescriptor              0x080058f9   Thumb Code     8  usbd_desc.o(i.USBD_FS_LangIDStrDescriptor)
    USBD_FS_ManufacturerStrDescriptor        0x08005905   Thumb Code    16  usbd_desc.o(i.USBD_FS_ManufacturerStrDescriptor)
    USBD_FS_ProductStrDescriptor             0x0800592d   Thumb Code    16  usbd_desc.o(i.USBD_FS_ProductStrDescriptor)
    USBD_FS_SerialStrDescriptor              0x08005959   Thumb Code    16  usbd_desc.o(i.USBD_FS_SerialStrDescriptor)
    USBD_GetString                           0x08005a5d   Thumb Code    70  usbd_ctlreq.o(i.USBD_GetString)
    USBD_Init                                0x08005aa3   Thumb Code    42  usbd_core.o(i.USBD_Init)
    USBD_LL_ClearStallEP                     0x08005acd   Thumb Code    32  usbd_conf.o(i.USBD_LL_ClearStallEP)
    USBD_LL_CloseEP                          0x08005aed   Thumb Code    32  usbd_conf.o(i.USBD_LL_CloseEP)
    USBD_LL_DataInStage                      0x08005b0d   Thumb Code   170  usbd_core.o(i.USBD_LL_DataInStage)
    USBD_LL_DataOutStage                     0x08005bb7   Thumb Code   106  usbd_core.o(i.USBD_LL_DataOutStage)
    USBD_LL_GetRxDataSize                    0x08005c21   Thumb Code     8  usbd_conf.o(i.USBD_LL_GetRxDataSize)
    USBD_LL_Init                             0x08005c29   Thumb Code   128  usbd_conf.o(i.USBD_LL_Init)
    USBD_LL_IsStallEP                        0x08005cc5   Thumb Code    32  usbd_conf.o(i.USBD_LL_IsStallEP)
    USBD_LL_OpenEP                           0x08005ce5   Thumb Code    38  usbd_conf.o(i.USBD_LL_OpenEP)
    USBD_LL_PrepareReceive                   0x08005d0b   Thumb Code    32  usbd_conf.o(i.USBD_LL_PrepareReceive)
    USBD_LL_Reset                            0x08005d2b   Thumb Code    62  usbd_core.o(i.USBD_LL_Reset)
    USBD_LL_Resume                           0x08005d69   Thumb Code    12  usbd_core.o(i.USBD_LL_Resume)
    USBD_LL_SOF                              0x08005d75   Thumb Code    24  usbd_core.o(i.USBD_LL_SOF)
    USBD_LL_SetSpeed                         0x08005d8d   Thumb Code     6  usbd_core.o(i.USBD_LL_SetSpeed)
    USBD_LL_SetUSBAddress                    0x08005d93   Thumb Code    32  usbd_conf.o(i.USBD_LL_SetUSBAddress)
    USBD_LL_SetupStage                       0x08005db3   Thumb Code    90  usbd_core.o(i.USBD_LL_SetupStage)
    USBD_LL_StallEP                          0x08005e0d   Thumb Code    32  usbd_conf.o(i.USBD_LL_StallEP)
    USBD_LL_Start                            0x08005e2d   Thumb Code    32  usbd_conf.o(i.USBD_LL_Start)
    USBD_LL_Suspend                          0x08005e4d   Thumb Code    18  usbd_core.o(i.USBD_LL_Suspend)
    USBD_LL_Transmit                         0x08005e5f   Thumb Code    32  usbd_conf.o(i.USBD_LL_Transmit)
    USBD_ParseSetupRequest                   0x08005e7f   Thumb Code    40  usbd_ctlreq.o(i.USBD_ParseSetupRequest)
    USBD_RegisterClass                       0x08005ea7   Thumb Code    16  usbd_core.o(i.USBD_RegisterClass)
    USBD_SetClassConfig                      0x08005eb7   Thumb Code    22  usbd_core.o(i.USBD_SetClassConfig)
    USBD_Start                               0x08005f41   Thumb Code    10  usbd_core.o(i.USBD_Start)
    USBD_StdDevReq                           0x08005f4b   Thumb Code   242  usbd_ctlreq.o(i.USBD_StdDevReq)
    USBD_StdEPReq                            0x0800603d   Thumb Code   220  usbd_ctlreq.o(i.USBD_StdEPReq)
    USBD_StdItfReq                           0x08006119   Thumb Code    52  usbd_ctlreq.o(i.USBD_StdItfReq)
    USBD_static_free                         0x0800614d   Thumb Code     2  usbd_conf.o(i.USBD_static_free)
    USBD_static_malloc                       0x08006151   Thumb Code     4  usbd_conf.o(i.USBD_static_malloc)
    USB_LP_CAN_RX0_IRQHandler                0x08006159   Thumb Code     6  stm32f3xx_it.o(i.USB_LP_CAN_RX0_IRQHandler)
    UsageFault_Handler                       0x08006165   Thumb Code     2  stm32f3xx_it.o(i.UsageFault_Handler)
    WAV_TIM7_Init                            0x08006169   Thumb Code    64  usbd_cdc_if.o(i.WAV_TIM7_Init)
    _Error_Handler                           0x080061c9   Thumb Code     2  main.o(i._Error_Handler)
    __0snprintf$1                            0x080061cd   Thumb Code    44  printf1.o(i.__0snprintf$1)
    __1snprintf$1                            0x080061cd   Thumb Code     0  printf1.o(i.__0snprintf$1)
    __2snprintf                              0x080061cd   Thumb Code     0  printf1.o(i.__0snprintf$1)
    __0sprintf$1                             0x080061fd   Thumb Code    34  printf1.o(i.__0sprintf$1)
    __1sprintf$1                             0x080061fd   Thumb Code     0  printf1.o(i.__0sprintf$1)
    __2sprintf                               0x080061fd   Thumb Code     0  printf1.o(i.__0sprintf$1)
    __scatterload_copy                       0x08006225   Thumb Code    14  handlers.o(i.__scatterload_copy)
    __scatterload_null                       0x08006233   Thumb Code     2  handlers.o(i.__scatterload_null)
    __scatterload_zeroinit                   0x08006235   Thumb Code    14  handlers.o(i.__scatterload_zeroinit)
    constrain                                0x080063b9   Thumb Code    20  tft.o(i.constrain)
    free                                     0x080063cd   Thumb Code    76  malloc.o(i.free)
    main                                     0x0800641d   Thumb Code   460  main.o(i.main)
    malloc                                   0x08006601   Thumb Code    92  malloc.o(i.malloc)
    aPLLMULFactorTable                       0x0800666c   Data          16  stm32f3xx_hal_rcc.o(.constdata)
    aPredivFactorTable                       0x0800667c   Data          16  stm32f3xx_hal_rcc.o(.constdata)
    AHBPrescTable                            0x0800668c   Data          16  system_stm32f3xx.o(.constdata)
    APBPrescTable                            0x0800669c   Data           8  system_stm32f3xx.o(.constdata)
    __ctype_table                            0x080066a4   Data         129  ctype_o.o(.constdata)
    Region$$Table$$Base                      0x0800672c   Number         0  anon$$obj.o(Region$$Table)
    Region$$Table$$Limit                     0x0800674c   Number         0  anon$$obj.o(Region$$Table)
    USBD_CDC_CfgHSDesc                       0x20000014   Data          67  usbd_cdc.o(.data)
    USBD_CDC_CfgFSDesc                       0x20000058   Data          67  usbd_cdc.o(.data)
    USBD_CDC_OtherSpeedCfgDesc               0x2000009c   Data          67  usbd_cdc.o(.data)
    USBD_CDC                                 0x200000e0   Data          56  usbd_cdc.o(.data)
    packetProcessed                          0x20000118   Data           1  usbd_cdc_if.o(.data)
    Type                                     0x2000011a   Data           2  usbd_cdc_if.o(.data)
    byteCount                                0x2000011c   Data           4  usbd_cdc_if.o(.data)
    PosFrame                                 0x20000120   Data           4  usbd_cdc_if.o(.data)
    Pos                                      0x20000124   Data           4  usbd_cdc_if.o(.data)
    Size                                     0x20000128   Data           4  usbd_cdc_if.o(.data)
    WAVStartAddress                          0x2000012c   Data           4  usbd_cdc_if.o(.data)
    WAVEndAddress                            0x20000130   Data           4  usbd_cdc_if.o(.data)
    cmd1                                     0x20000134   Data           8  usbd_cdc_if.o(.data)
    blocks                                   0x2000013c   Data          48  usbd_cdc_if.o(.data)
    USBD_Interface_fops_FS                   0x2000016c   Data          16  usbd_cdc_if.o(.data)
    fontHeader                               0x2000017c   Data           4  usbd_cdc_if.o(.data)
    newData                                  0x20000180   Data           1  main.o(.data)
    currentChannel                           0x20000181   Data           1  main.o(.data)
    xTouch                                   0x20000182   Data           2  main.o(.data)
    yTouch                                   0x20000184   Data           2  main.o(.data)
    xTouchOld                                0x20000186   Data           2  main.o(.data)
    yTouchOld                                0x20000188   Data           2  main.o(.data)
    RTC_Date                                 0x2000018a   Data           4  main.o(.data)
    A                                        0x20000190   Data           4  main.o(.data)
    B                                        0x20000194   Data           4  main.o(.data)
    C                                        0x20000198   Data           4  main.o(.data)
    D                                        0x2000019c   Data           4  main.o(.data)
    E                                        0x200001a0   Data           4  main.o(.data)
    F                                        0x200001a4   Data           4  main.o(.data)
    adcData                                  0x200001a8   Data           8  main.o(.data)
    Xt                                       0x200001b0   Data          12  main.o(.data)
    Yt                                       0x200001bc   Data          12  main.o(.data)
    Xd                                       0x200001c8   Data          12  main.o(.data)
    Yd                                       0x200001d4   Data          12  main.o(.data)
    FS_Desc                                  0x200001e0   Data          28  usbd_desc.o(.data)
    USBD_LangIDDesc                          0x200001fc   Data           4  usbd_desc.o(.data)
    USBD_FS_DeviceDesc                       0x20000200   Data          18  usbd_desc.o(.data)
    MAX_X                                    0x20000214   Data           2  tft.o(.data)
    MAX_Y                                    0x20000216   Data           2  tft.o(.data)
    MIN_X                                    0x20000218   Data           2  tft.o(.data)
    MIN_Y                                    0x2000021a   Data           2  tft.o(.data)
    WHITE                                    0x2000021c   Data           2  tft.o(.data)
    LIGHTBLUE                                0x2000021e   Data           2  tft.o(.data)
    clearTimeWidth                           0x20000220   Data           2  tft.o(.data)
    clearTimeHeight                          0x20000222   Data           2  tft.o(.data)
    TFT_Weekdays                             0x20000224   Data          28  tft.o(.data)
    TFT_Months                               0x20000240   Data          48  tft.o(.data)
    RED                                      0x20000270   Data           2  tft.o(.data)
    BLACK                                    0x20000272   Data           2  tft.o(.data)
    TFT_busy                                 0x20000274   Data           1  tft.o(.data)
    TFT_Monday                               0x20000275   Data           7  tft.o(.data)
    TFT_Tuesday                              0x2000027c   Data           8  tft.o(.data)
    TFT_Wednesday                            0x20000284   Data          10  tft.o(.data)
    TFT_Thursday                             0x2000028e   Data           9  tft.o(.data)
    TFT_Friday                               0x20000297   Data           7  tft.o(.data)
    TFT_Saturday                             0x2000029e   Data           9  tft.o(.data)
    TFT_Sunday                               0x200002a7   Data           7  tft.o(.data)
    TFT_January                              0x200002ae   Data           8  tft.o(.data)
    TFT_February                             0x200002b6   Data           9  tft.o(.data)
    TFT_March                                0x200002bf   Data           6  tft.o(.data)
    TFT_April                                0x200002c5   Data           6  tft.o(.data)
    TFT_May                                  0x200002cb   Data           4  tft.o(.data)
    TFT_June                                 0x200002cf   Data           5  tft.o(.data)
    TFT_July                                 0x200002d4   Data           5  tft.o(.data)
    TFT_August                               0x200002d9   Data           7  tft.o(.data)
    TFT_September                            0x200002e0   Data          10  tft.o(.data)
    TFT_October                              0x200002ea   Data           8  tft.o(.data)
    TFT_November                             0x200002f2   Data           9  tft.o(.data)
    TFT_December                             0x200002fb   Data           9  tft.o(.data)
    uwTick                                   0x20000304   Data           4  stm32f3xx_hal.o(.data)
    SystemCoreClock                          0x20000308   Data           4  system_stm32f3xx.o(.data)
    __microlib_freelist                      0x2000030c   Data           4  mvars.o(.data)
    __microlib_freelist_initialised          0x20000310   Data           4  mvars.o(.data)
    UserRxBufferFS                           0x20000314   Data          64  usbd_cdc_if.o(.bss)
    UserTxBufferFS                           0x20000354   Data          64  usbd_cdc_if.o(.bss)
    bitmapHeader                             0x20000394   Data          12  usbd_cdc_if.o(.bss)
    wavHeader                                0x200003a0   Data          40  usbd_cdc_if.o(.bss)
    marioBMP                                 0x200003c8   Data        2118  usbd_cdc_if.o(.bss)
    hadc1                                    0x20000c10   Data          84  main.o(.bss)
    hdac                                     0x20000c64   Data          20  main.o(.bss)
    hrtc                                     0x20000c78   Data          32  main.o(.bss)
    htim1                                    0x20000c98   Data          64  main.o(.bss)
    htim6                                    0x20000cd8   Data          64  main.o(.bss)
    htim7                                    0x20000d18   Data          64  main.o(.bss)
    huart4                                   0x20000d58   Data         112  main.o(.bss)
    RTC_Time                                 0x20000dc8   Data          20  main.o(.bss)
    scrolling                                0x20000ddc   Data          12  main.o(.bss)
    line                                     0x20000de8   Data          17  main.o(.bss)
    USBD_StrDesc                             0x20000dfc   Data         512  usbd_desc.o(.bss)
    hpcd_USB_FS                              0x2000121c   Data         936  usbd_conf.o(.bss)
    hUsbDeviceFS                             0x200015c4   Data         548  usb_device.o(.bss)
    TahomaLCD                                0x200017e8   Data       12000  tft.o(.bss)
    __heap_base                              0x200046c8   Data           0  startup_stm32f303xc.o(HEAP)
    __heap_limit                             0x200066c8   Data           0  startup_stm32f303xc.o(HEAP)
    __initial_sp                             0x200086c8   Data           0  startup_stm32f303xc.o(STACK)



==============================================================================

Memory Map of the image

  Image Entry point : 0x08000189

  Load Region LR_IROM1 (Base: 0x08000000, Size: 0x00006a60, Max: 0x00040000, ABSOLUTE, COMPRESSED[0x00006904])

    Execution Region ER_IROM1 (Base: 0x08000000, Size: 0x0000674c, Max: 0x00040000, ABSOLUTE)

    Base Addr    Size         Type   Attr      Idx    E Section Name        Object

    0x08000000   0x00000188   Data   RO          523    RESET               startup_stm32f303xc.o
    0x08000188   0x00000000   Code   RO         5549  * .ARM.Collect$$$$00000000  mc_w.l(entry.o)
    0x08000188   0x00000004   Code   RO         5877    .ARM.Collect$$$$00000001  mc_w.l(entry2.o)
    0x0800018c   0x00000004   Code   RO         5880    .ARM.Collect$$$$00000004  mc_w.l(entry5.o)
    0x08000190   0x00000000   Code   RO         5882    .ARM.Collect$$$$00000008  mc_w.l(entry7b.o)
    0x08000190   0x00000000   Code   RO         5884    .ARM.Collect$$$$0000000A  mc_w.l(entry8b.o)
    0x08000190   0x00000008   Code   RO         5885    .ARM.Collect$$$$0000000B  mc_w.l(entry9a.o)
    0x08000198   0x00000000   Code   RO         5887    .ARM.Collect$$$$0000000D  mc_w.l(entry10a.o)
    0x08000198   0x00000000   Code   RO         5889    .ARM.Collect$$$$0000000F  mc_w.l(entry11a.o)
    0x08000198   0x00000004   Code   RO         5878    .ARM.Collect$$$$00002712  mc_w.l(entry2.o)
    0x0800019c   0x00000024   Code   RO          524    .text               startup_stm32f303xc.o
    0x080001c0   0x00000008   Code   RO         5554    .text               mc_w.l(ctype_o.o)
    0x080001c8   0x00000024   Code   RO         5582    .text               mc_w.l(memcpya.o)
    0x080001ec   0x0000002c   Code   RO         5894    .text               mc_w.l(uidiv.o)
    0x08000218   0x00000024   Code   RO         5911    .text               mc_w.l(init.o)
    0x0800023c   0x00000056   Code   RO         5929    .text               mc_w.l(__dczerorl2.o)
    0x08000292   0x00000002   PAD
    0x08000294   0x0000000c   Code   RO          939    i.ADC1_2_IRQHandler  stm32f3xx_it.o
    0x080002a0   0x00000062   Code   RO         3528    i.ADC_Disable       stm32f3xx_hal_adc_ex.o
    0x08000302   0x00000002   PAD
    0x08000304   0x00000060   Code   RO         3529    i.ADC_Enable        stm32f3xx_hal_adc_ex.o
    0x08000364   0x00000002   Code   RO          940    i.BusFault_Handler  stm32f3xx_it.o
    0x08000366   0x00000004   Code   RO          531    i.CDC_Control_FS    usbd_cdc_if.o
    0x0800036a   0x00000004   Code   RO          532    i.CDC_DeInit_FS     usbd_cdc_if.o
    0x0800036e   0x00000002   PAD
    0x08000370   0x00000024   Code   RO          533    i.CDC_Init_FS       usbd_cdc_if.o
    0x08000394   0x000001f0   Code   RO          534    i.CDC_Receive_FS    usbd_cdc_if.o
    0x08000584   0x00000002   Code   RO          941    i.DebugMon_Handler  stm32f3xx_it.o
    0x08000586   0x00000002   PAD
    0x08000588   0x00000070   Code   RO          536    i.DrawBlocks        usbd_cdc_if.o
    0x080005f8   0x00000044   Code   RO          631    i.GetTouchX         main.o
    0x0800063c   0x00000044   Code   RO          632    i.GetTouchY         main.o
    0x08000680   0x00000002   Code   RO         3534    i.HAL_ADCEx_InjectedConvCpltCallback  stm32f3xx_hal_adc_ex.o
    0x08000682   0x00000002   Code   RO         3537    i.HAL_ADCEx_InjectedQueueOverflowCallback  stm32f3xx_hal_adc_ex.o
    0x08000684   0x00000002   Code   RO         3542    i.HAL_ADCEx_LevelOutOfWindow2Callback  stm32f3xx_hal_adc_ex.o
    0x08000686   0x00000002   Code   RO         3543    i.HAL_ADCEx_LevelOutOfWindow3Callback  stm32f3xx_hal_adc_ex.o
    0x08000688   0x00000114   Code   RO         3544    i.HAL_ADCEx_MultiModeConfigChannel  stm32f3xx_hal_adc_ex.o
    0x0800079c   0x00000394   Code   RO         3553    i.HAL_ADC_ConfigChannel  stm32f3xx_hal_adc_ex.o
    0x08000b30   0x00000044   Code   RO          633    i.HAL_ADC_ConvCpltCallback  main.o
    0x08000b74   0x00000002   Code   RO         4263    i.HAL_ADC_ErrorCallback  stm32f3xx_hal_adc.o
    0x08000b76   0x00000006   Code   RO         3555    i.HAL_ADC_GetValue  stm32f3xx_hal_adc_ex.o
    0x08000b7c   0x00000328   Code   RO         3556    i.HAL_ADC_IRQHandler  stm32f3xx_hal_adc_ex.o
    0x08000ea4   0x00000248   Code   RO         3557    i.HAL_ADC_Init      stm32f3xx_hal_adc_ex.o
    0x080010ec   0x00000002   Code   RO         4269    i.HAL_ADC_LevelOutOfWindowCallback  stm32f3xx_hal_adc.o
    0x080010ee   0x00000002   PAD
    0x080010f0   0x0000004c   Code   RO          838    i.HAL_ADC_MspInit   stm32f3xx_hal_msp.o
    0x0800113c   0x00000180   Code   RO         3562    i.HAL_ADC_Start_IT  stm32f3xx_hal_adc_ex.o
    0x080012bc   0x00000002   Code   RO         5264    i.HAL_DACEx_DMAUnderrunCallbackCh2  stm32f3xx_hal_dac_ex.o
    0x080012be   0x00000042   Code   RO         5270    i.HAL_DAC_ConfigChannel  stm32f3xx_hal_dac_ex.o
    0x08001300   0x00000002   Code   RO         5393    i.HAL_DAC_DMAUnderrunCallbackCh1  stm32f3xx_hal_dac.o
    0x08001302   0x00000064   Code   RO         5272    i.HAL_DAC_IRQHandler  stm32f3xx_hal_dac_ex.o
    0x08001366   0x00000028   Code   RO         5399    i.HAL_DAC_Init      stm32f3xx_hal_dac.o
    0x0800138e   0x00000002   PAD
    0x08001390   0x00000050   Code   RO          840    i.HAL_DAC_MspInit   stm32f3xx_hal_msp.o
    0x080013e0   0x0000001a   Code   RO         5273    i.HAL_DAC_SetValue  stm32f3xx_hal_dac_ex.o
    0x080013fa   0x00000054   Code   RO         5274    i.HAL_DAC_Start     stm32f3xx_hal_dac_ex.o
    0x0800144e   0x0000004a   Code   RO         4514    i.HAL_DMA_Abort_IT  stm32f3xx_hal_dma.o
    0x08001498   0x00000016   Code   RO         2587    i.HAL_Delay         stm32f3xx_hal.o
    0x080014ae   0x00000002   PAD
    0x080014b0   0x00000188   Code   RO         4828    i.HAL_GPIO_Init     stm32f3xx_hal_gpio.o
    0x08001638   0x0000000a   Code   RO         4832    i.HAL_GPIO_WritePin  stm32f3xx_hal_gpio.o
    0x08001642   0x00000002   PAD
    0x08001644   0x0000000c   Code   RO         2591    i.HAL_GetTick       stm32f3xx_hal.o
    0x08001650   0x00000010   Code   RO         2592    i.HAL_IncTick       stm32f3xx_hal.o
    0x08001660   0x00000024   Code   RO         2593    i.HAL_Init          stm32f3xx_hal.o
    0x08001684   0x00000028   Code   RO         2594    i.HAL_InitTick      stm32f3xx_hal.o
    0x080016ac   0x00000070   Code   RO          841    i.HAL_MspInit       stm32f3xx_hal_msp.o
    0x0800171c   0x00000016   Code   RO         2291    i.HAL_NVIC_EnableIRQ  stm32f3xx_hal_cortex.o
    0x08001732   0x00000002   PAD
    0x08001734   0x00000040   Code   RO         2297    i.HAL_NVIC_SetPriority  stm32f3xx_hal_cortex.o
    0x08001774   0x00000024   Code   RO         2298    i.HAL_NVIC_SetPriorityGrouping  stm32f3xx_hal_cortex.o
    0x08001798   0x0000003c   Code   RO         3482    i.HAL_PCDEx_PMAConfig  stm32f3xx_hal_pcd_ex.o
    0x080017d4   0x00000002   Code   RO         1051    i.HAL_PCDEx_SetConnectionState  usbd_conf.o
    0x080017d6   0x00000012   Code   RO         1053    i.HAL_PCD_DataInStageCallback  usbd_conf.o
    0x080017e8   0x00000014   Code   RO         1054    i.HAL_PCD_DataOutStageCallback  usbd_conf.o
    0x080017fc   0x0000015c   Code   RO         4620    i.HAL_PCD_EP_Close  stm32f3xx_hal_pcd.o
    0x08001958   0x000000b2   Code   RO         4621    i.HAL_PCD_EP_ClrStall  stm32f3xx_hal_pcd.o
    0x08001a0a   0x00000014   Code   RO         4623    i.HAL_PCD_EP_GetRxCount  stm32f3xx_hal_pcd.o
    0x08001a1e   0x000002d0   Code   RO         4624    i.HAL_PCD_EP_Open   stm32f3xx_hal_pcd.o
    0x08001cee   0x00000002   PAD
    0x08001cf0   0x000000e6   Code   RO         4625    i.HAL_PCD_EP_Receive  stm32f3xx_hal_pcd.o
    0x08001dd6   0x0000008a   Code   RO         4626    i.HAL_PCD_EP_SetStall  stm32f3xx_hal_pcd.o
    0x08001e60   0x000000e6   Code   RO         4627    i.HAL_PCD_EP_Transmit  stm32f3xx_hal_pcd.o
    0x08001f46   0x000000fc   Code   RO         4629    i.HAL_PCD_IRQHandler  stm32f3xx_hal_pcd.o
    0x08002042   0x000000a6   Code   RO         4632    i.HAL_PCD_Init      stm32f3xx_hal_pcd.o
    0x080020e8   0x00000058   Code   RO         1059    i.HAL_PCD_MspInit   usbd_conf.o
    0x08002140   0x0000001a   Code   RO         1060    i.HAL_PCD_ResetCallback  usbd_conf.o
    0x0800215a   0x00000008   Code   RO         1061    i.HAL_PCD_ResumeCallback  usbd_conf.o
    0x08002162   0x00000008   Code   RO         1062    i.HAL_PCD_SOFCallback  usbd_conf.o
    0x0800216a   0x0000002c   Code   RO         4638    i.HAL_PCD_SetAddress  stm32f3xx_hal_pcd.o
    0x08002196   0x0000000e   Code   RO         1063    i.HAL_PCD_SetupStageCallback  usbd_conf.o
    0x080021a4   0x0000000c   Code   RO         4640    i.HAL_PCD_Start     stm32f3xx_hal_pcd.o
    0x080021b0   0x00000024   Code   RO         1064    i.HAL_PCD_SuspendCallback  usbd_conf.o
    0x080021d4   0x00000218   Code   RO         3790    i.HAL_RCCEx_PeriphCLKConfig  stm32f3xx_hal_rcc_ex.o
    0x080023ec   0x00000188   Code   RO         2422    i.HAL_RCC_ClockConfig  stm32f3xx_hal_rcc.o
    0x08002574   0x0000000c   Code   RO         2427    i.HAL_RCC_GetHCLKFreq  stm32f3xx_hal_rcc.o
    0x08002580   0x00000030   Code   RO         2429    i.HAL_RCC_GetPCLK1Freq  stm32f3xx_hal_rcc.o
    0x080025b0   0x00000030   Code   RO         2430    i.HAL_RCC_GetPCLK2Freq  stm32f3xx_hal_rcc.o
    0x080025e0   0x00000064   Code   RO         2431    i.HAL_RCC_GetSysClockFreq  stm32f3xx_hal_rcc.o
    0x08002644   0x000005ac   Code   RO         2434    i.HAL_RCC_OscConfig  stm32f3xx_hal_rcc.o
    0x08002bf0   0x00000002   Code   RO         5028    i.HAL_RTCEx_AlarmBEventCallback  stm32f3xx_hal_rtc_ex.o
    0x08002bf2   0x0000000a   Code   RO         5029    i.HAL_RTCEx_BKUPRead  stm32f3xx_hal_rtc_ex.o
    0x08002bfc   0x0000000a   Code   RO         5030    i.HAL_RTCEx_BKUPWrite  stm32f3xx_hal_rtc_ex.o
    0x08002c06   0x00000038   Code   RO         5037    i.HAL_RTCEx_EnableBypassShadow  stm32f3xx_hal_rtc_ex.o
    0x08002c3e   0x00000002   Code   RO         4891    i.HAL_RTC_AlarmAEventCallback  stm32f3xx_hal_rtc.o
    0x08002c40   0x0000005c   Code   RO         4892    i.HAL_RTC_AlarmIRQHandler  stm32f3xx_hal_rtc.o
    0x08002c9c   0x00000044   Code   RO         4896    i.HAL_RTC_GetDate   stm32f3xx_hal_rtc.o
    0x08002ce0   0x00000058   Code   RO         4898    i.HAL_RTC_GetTime   stm32f3xx_hal_rtc.o
    0x08002d38   0x0000009c   Code   RO         4899    i.HAL_RTC_Init      stm32f3xx_hal_rtc.o
    0x08002dd4   0x00000040   Code   RO          843    i.HAL_RTC_MspInit   stm32f3xx_hal_msp.o
    0x08002e14   0x00000194   Code   RO         4904    i.HAL_RTC_SetAlarm_IT  stm32f3xx_hal_rtc.o
    0x08002fa8   0x000000d0   Code   RO         4905    i.HAL_RTC_SetDate   stm32f3xx_hal_rtc.o
    0x08003078   0x000000f0   Code   RO         4906    i.HAL_RTC_SetTime   stm32f3xx_hal_rtc.o
    0x08003168   0x00000036   Code   RO         4907    i.HAL_RTC_WaitForSynchro  stm32f3xx_hal_rtc.o
    0x0800319e   0x00000018   Code   RO         2300    i.HAL_SYSTICK_CLKSourceConfig  stm32f3xx_hal_cortex.o
    0x080031b6   0x00000002   Code   RO         2301    i.HAL_SYSTICK_Callback  stm32f3xx_hal_cortex.o
    0x080031b8   0x00000028   Code   RO         2302    i.HAL_SYSTICK_Config  stm32f3xx_hal_cortex.o
    0x080031e0   0x00000008   Code   RO         2303    i.HAL_SYSTICK_IRQHandler  stm32f3xx_hal_cortex.o
    0x080031e8   0x00000002   Code   RO         1509    i.HAL_TIMEx_BreakCallback  stm32f3xx_hal_tim_ex.o
    0x080031ea   0x00000002   Code   RO         1510    i.HAL_TIMEx_CommutationCallback  stm32f3xx_hal_tim_ex.o
    0x080031ec   0x00000094   Code   RO         1511    i.HAL_TIMEx_ConfigBreakDeadTime  stm32f3xx_hal_tim_ex.o
    0x08003280   0x00000058   Code   RO         1527    i.HAL_TIMEx_MasterConfigSynchronization  stm32f3xx_hal_tim_ex.o
    0x080032d8   0x00000036   Code   RO         2850    i.HAL_TIM_Base_Init  stm32f3xx_hal_tim.o
    0x0800330e   0x00000002   PAD
    0x08003310   0x00000064   Code   RO          845    i.HAL_TIM_Base_MspInit  stm32f3xx_hal_msp.o
    0x08003374   0x00000018   Code   RO         2855    i.HAL_TIM_Base_Start_IT  stm32f3xx_hal_tim.o
    0x0800338c   0x00000002   Code   RO         2879    i.HAL_TIM_IC_CaptureCallback  stm32f3xx_hal_tim.o
    0x0800338e   0x00000166   Code   RO         2892    i.HAL_TIM_IRQHandler  stm32f3xx_hal_tim.o
    0x080034f4   0x00000034   Code   RO          846    i.HAL_TIM_MspPostInit  stm32f3xx_hal_msp.o
    0x08003528   0x00000002   Code   RO         2895    i.HAL_TIM_OC_DelayElapsedCallback  stm32f3xx_hal_tim.o
    0x0800352a   0x00000128   Code   RO         1547    i.HAL_TIM_PWM_ConfigChannel  stm32f3xx_hal_tim_ex.o
    0x08003652   0x00000036   Code   RO         2919    i.HAL_TIM_PWM_Init  stm32f3xx_hal_tim.o
    0x08003688   0x00000028   Code   RO          848    i.HAL_TIM_PWM_MspInit  stm32f3xx_hal_msp.o
    0x080036b0   0x00000002   Code   RO         2922    i.HAL_TIM_PWM_PulseFinishedCallback  stm32f3xx_hal_tim.o
    0x080036b2   0x00000002   PAD
    0x080036b4   0x00000020   Code   RO          634    i.HAL_TIM_PeriodElapsedCallback  main.o
    0x080036d4   0x00000002   Code   RO         2933    i.HAL_TIM_TriggerCallback  stm32f3xx_hal_tim.o
    0x080036d6   0x00000002   Code   RO         2531    i.HAL_UARTEx_WakeupCallback  stm32f3xx_hal_uart_ex.o
    0x080036d8   0x00000002   Code   RO         1804    i.HAL_UART_ErrorCallback  stm32f3xx_hal_uart.o
    0x080036da   0x00000002   PAD
    0x080036dc   0x00000140   Code   RO         1807    i.HAL_UART_IRQHandler  stm32f3xx_hal_uart.o
    0x0800381c   0x0000006a   Code   RO         1808    i.HAL_UART_Init     stm32f3xx_hal_uart.o
    0x08003886   0x00000002   PAD
    0x08003888   0x0000005c   Code   RO          850    i.HAL_UART_MspInit  stm32f3xx_hal_msp.o
    0x080038e4   0x0000007a   Code   RO         1813    i.HAL_UART_Receive_IT  stm32f3xx_hal_uart.o
    0x0800395e   0x00000002   PAD
    0x08003960   0x00000028   Code   RO          635    i.HAL_UART_RxCpltCallback  main.o
    0x08003988   0x00000002   Code   RO         1819    i.HAL_UART_TxCpltCallback  stm32f3xx_hal_uart.o
    0x0800398a   0x00000002   Code   RO          942    i.HardFault_Handler  stm32f3xx_it.o
    0x0800398c   0x000000a0   Code   RO          636    i.MX_ADC1_Init      main.o
    0x08003a2c   0x00000040   Code   RO          637    i.MX_DAC_Init       main.o
    0x08003a6c   0x000000e0   Code   RO          638    i.MX_GPIO_Init      main.o
    0x08003b4c   0x000000d4   Code   RO          639    i.MX_RTC_Init       main.o
    0x08003c20   0x000000bc   Code   RO          640    i.MX_TIM1_Init      main.o
    0x08003cdc   0x00000040   Code   RO          641    i.MX_TIM6_Init      main.o
    0x08003d1c   0x0000003c   Code   RO          642    i.MX_TIM7_Init      main.o
    0x08003d58   0x00000038   Code   RO          643    i.MX_UART4_Init     main.o
    0x08003d90   0x00000038   Code   RO         1258    i.MX_USB_DEVICE_Init  usb_device.o
    0x08003dc8   0x00000002   Code   RO          943    i.MemManage_Handler  stm32f3xx_it.o
    0x08003dca   0x00000002   Code   RO          944    i.NMI_Handler       stm32f3xx_it.o
    0x08003dcc   0x00000020   Code   RO         2304    i.NVIC_SetPriority  stm32f3xx_hal_cortex.o
    0x08003dec   0x00000366   Code   RO         4643    i.PCD_EP_ISR_Handler  stm32f3xx_hal_pcd.o
    0x08004152   0x00000002   PAD
    0x08004154   0x0000002e   Code   RO         3484    i.PCD_ReadPMA       stm32f3xx_hal_pcd_ex.o
    0x08004182   0x00000026   Code   RO         3485    i.PCD_WritePMA      stm32f3xx_hal_pcd_ex.o
    0x080041a8   0x00000002   Code   RO          945    i.PendSV_Handler    stm32f3xx_it.o
    0x080041aa   0x00000002   PAD
    0x080041ac   0x000000b4   Code   RO          538    i.PlayWAV           usbd_cdc_if.o
    0x08004260   0x0000000c   Code   RO          946    i.RTC_Alarm_IRQHandler  stm32f3xx_it.o
    0x0800426c   0x00000012   Code   RO         4908    i.RTC_Bcd2ToByte    stm32f3xx_hal_rtc.o
    0x0800427e   0x00000016   Code   RO         4909    i.RTC_ByteToBcd2    stm32f3xx_hal_rtc.o
    0x08004294   0x0000003a   Code   RO         4910    i.RTC_EnterInitMode  stm32f3xx_hal_rtc.o
    0x080042ce   0x00000002   PAD
    0x080042d0   0x000000c8   Code   RO          539    i.ReadCMDLine       usbd_cdc_if.o
    0x08004398   0x0000005a   Code   RO          540    i.ReadCMDParams     usbd_cdc_if.o
    0x080043f2   0x00000002   Code   RO          947    i.SVC_Handler       stm32f3xx_it.o
    0x080043f4   0x0000000e   Code   RO          948    i.SysTick_Handler   stm32f3xx_it.o
    0x08004402   0x00000002   PAD
    0x08004404   0x00000088   Code   RO          644    i.SystemClock_Config  main.o
    0x0800448c   0x00000068   Code   RO         5515    i.SystemInit        system_stm32f3xx.o
    0x080044f4   0x00000028   Code   RO         1288    i.TFT_ClearScreen   tft.o
    0x0800451c   0x0000004a   Code   RO         1289    i.TFT_DrawBMP       tft.o
    0x08004566   0x00000002   PAD
    0x08004568   0x0000004c   Code   RO         1290    i.TFT_DrawBMPFromBuffer  tft.o
    0x080045b4   0x00000084   Code   RO         1291    i.TFT_DrawChar      tft.o
    0x08004638   0x00000050   Code   RO         1293    i.TFT_DrawDay       tft.o
    0x08004688   0x000000ac   Code   RO          645    i.TFT_DrawFullDate  main.o
    0x08004734   0x00000050   Code   RO         1296    i.TFT_DrawMonth     tft.o
    0x08004784   0x00000040   Code   RO         1297    i.TFT_DrawNumber    tft.o
    0x080047c4   0x00000040   Code   RO         1299    i.TFT_DrawString    tft.o
    0x08004804   0x00000068   Code   RO         1300    i.TFT_DrawStringNumber  tft.o
    0x0800486c   0x000000c4   Code   RO         1301    i.TFT_DrawTimeLine  tft.o
    0x08004930   0x00000090   Code   RO         1304    i.TFT_FillScreen    tft.o
    0x080049c0   0x0000002e   Code   RO         1305    i.TFT_IncVerticalScrolling  tft.o
    0x080049ee   0x00000002   PAD
    0x080049f0   0x000001fc   Code   RO         1306    i.TFT_Init          tft.o
    0x08004bec   0x00000018   Code   RO          646    i.TFT_ReadX         main.o
    0x08004c04   0x00000018   Code   RO          647    i.TFT_ReadY         main.o
    0x08004c1c   0x00000018   Code   RO         1307    i.TFT_SendCMD       tft.o
    0x08004c34   0x0000001c   Code   RO         1308    i.TFT_SendData      tft.o
    0x08004c50   0x00000030   Code   RO         1309    i.TFT_SendDataStream  tft.o
    0x08004c80   0x00000028   Code   RO         1310    i.TFT_SetCol        tft.o
    0x08004ca8   0x00000048   Code   RO         1311    i.TFT_SetOrientation  tft.o
    0x08004cf0   0x00000028   Code   RO         1312    i.TFT_SetPage       tft.o
    0x08004d18   0x00000038   Code   RO         1315    i.TFT_VerticalScrollingDefinition  tft.o
    0x08004d50   0x0000001a   Code   RO         1316    i.TFT_VerticalScrollingStartAddress  tft.o
    0x08004d6a   0x00000002   PAD
    0x08004d6c   0x0000001c   Code   RO          949    i.TIM6_DAC_IRQHandler  stm32f3xx_it.o
    0x08004d88   0x0000000c   Code   RO          950    i.TIM7_IRQHandler   stm32f3xx_it.o
    0x08004d94   0x000000b0   Code   RO         2934    i.TIM_Base_SetConfig  stm32f3xx_hal_tim.o
    0x08004e44   0x0000009c   Code   RO         2943    i.TIM_OC1_SetConfig  stm32f3xx_hal_tim.o
    0x08004ee0   0x00000090   Code   RO         2944    i.TIM_OC2_SetConfig  stm32f3xx_hal_tim.o
    0x08004f70   0x00000090   Code   RO         2945    i.TIM_OC3_SetConfig  stm32f3xx_hal_tim.o
    0x08005000   0x00000074   Code   RO         2946    i.TIM_OC4_SetConfig  stm32f3xx_hal_tim.o
    0x08005074   0x00000070   Code   RO         1550    i.TIM_OC5_SetConfig  stm32f3xx_hal_tim_ex.o
    0x080050e4   0x00000070   Code   RO         1551    i.TIM_OC6_SetConfig  stm32f3xx_hal_tim_ex.o
    0x08005154   0x0000000c   Code   RO          951    i.UART4_IRQHandler  stm32f3xx_it.o
    0x08005160   0x000000c8   Code   RO         1821    i.UART_AdvFeatureConfig  stm32f3xx_hal_uart.o
    0x08005228   0x0000005c   Code   RO         1822    i.UART_CheckIdleState  stm32f3xx_hal_uart.o
    0x08005284   0x00000014   Code   RO         1823    i.UART_DMAAbortOnError  stm32f3xx_hal_uart.o
    0x08005298   0x0000001c   Code   RO         1833    i.UART_EndRxTransfer  stm32f3xx_hal_uart.o
    0x080052b4   0x0000001a   Code   RO         1834    i.UART_EndTransmit_IT  stm32f3xx_hal_uart.o
    0x080052ce   0x00000076   Code   RO         1836    i.UART_Receive_IT   stm32f3xx_hal_uart.o
    0x08005344   0x000001d4   Code   RO         1837    i.UART_SetConfig    stm32f3xx_hal_uart.o
    0x08005518   0x00000064   Code   RO         1838    i.UART_Transmit_IT  stm32f3xx_hal_uart.o
    0x0800557c   0x00000064   Code   RO         1839    i.UART_WaitOnFlagUntilTimeout  stm32f3xx_hal_uart.o
    0x080055e0   0x00000014   Code   RO          354    i.USBD_CDC_DataIn   usbd_cdc.o
    0x080055f4   0x0000002e   Code   RO          355    i.USBD_CDC_DataOut  usbd_cdc.o
    0x08005622   0x0000003c   Code   RO          356    i.USBD_CDC_DeInit   usbd_cdc.o
    0x0800565e   0x00000024   Code   RO          357    i.USBD_CDC_EP0_RxReady  usbd_cdc.o
    0x08005682   0x00000002   PAD
    0x08005684   0x0000000c   Code   RO          358    i.USBD_CDC_GetDeviceQualifierDescriptor  usbd_cdc.o
    0x08005690   0x0000000c   Code   RO          359    i.USBD_CDC_GetFSCfgDesc  usbd_cdc.o
    0x0800569c   0x0000000c   Code   RO          360    i.USBD_CDC_GetHSCfgDesc  usbd_cdc.o
    0x080056a8   0x0000000c   Code   RO          361    i.USBD_CDC_GetOtherSpeedCfgDesc  usbd_cdc.o
    0x080056b4   0x00000088   Code   RO          362    i.USBD_CDC_Init     usbd_cdc.o
    0x0800573c   0x00000028   Code   RO          363    i.USBD_CDC_ReceivePacket  usbd_cdc.o
    0x08005764   0x00000010   Code   RO          364    i.USBD_CDC_RegisterInterface  usbd_cdc.o
    0x08005774   0x0000000c   Code   RO          365    i.USBD_CDC_SetRxBuffer  usbd_cdc.o
    0x08005780   0x00000010   Code   RO          366    i.USBD_CDC_SetTxBuffer  usbd_cdc.o
    0x08005790   0x00000070   Code   RO          367    i.USBD_CDC_Setup    usbd_cdc.o
    0x08005800   0x0000000e   Code   RO          216    i.USBD_ClrClassConfig  usbd_core.o
    0x0800580e   0x00000010   Code   RO          464    i.USBD_CtlContinueRx  usbd_ioreq.o
    0x0800581e   0x00000010   Code   RO          465    i.USBD_CtlContinueSendData  usbd_ioreq.o
    0x0800582e   0x00000016   Code   RO            4    i.USBD_CtlError     usbd_ctlreq.o
    0x08005844   0x0000001e   Code   RO          466    i.USBD_CtlPrepareRx  usbd_ioreq.o
    0x08005862   0x00000016   Code   RO          467    i.USBD_CtlReceiveStatus  usbd_ioreq.o
    0x08005878   0x0000001a   Code   RO          468    i.USBD_CtlSendData  usbd_ioreq.o
    0x08005892   0x00000016   Code   RO          469    i.USBD_CtlSendStatus  usbd_ioreq.o
    0x080058a8   0x00000020   Code   RO          769    i.USBD_FS_ConfigStrDescriptor  usbd_desc.o
    0x080058c8   0x0000000c   Code   RO          770    i.USBD_FS_DeviceDescriptor  usbd_desc.o
    0x080058d4   0x00000024   Code   RO          771    i.USBD_FS_InterfaceStrDescriptor  usbd_desc.o
    0x080058f8   0x0000000c   Code   RO          772    i.USBD_FS_LangIDStrDescriptor  usbd_desc.o
    0x08005904   0x00000028   Code   RO          773    i.USBD_FS_ManufacturerStrDescriptor  usbd_desc.o
    0x0800592c   0x0000002c   Code   RO          774    i.USBD_FS_ProductStrDescriptor  usbd_desc.o
    0x08005958   0x00000024   Code   RO          775    i.USBD_FS_SerialStrDescriptor  usbd_desc.o
    0x0800597c   0x000000e0   Code   RO            5    i.USBD_GetDescriptor  usbd_ctlreq.o
    0x08005a5c   0x00000046   Code   RO            6    i.USBD_GetString    usbd_ctlreq.o
    0x08005aa2   0x0000002a   Code   RO          218    i.USBD_Init         usbd_core.o
    0x08005acc   0x00000020   Code   RO         1065    i.USBD_LL_ClearStallEP  usbd_conf.o
    0x08005aec   0x00000020   Code   RO         1066    i.USBD_LL_CloseEP   usbd_conf.o
    0x08005b0c   0x000000aa   Code   RO          219    i.USBD_LL_DataInStage  usbd_core.o
    0x08005bb6   0x0000006a   Code   RO          220    i.USBD_LL_DataOutStage  usbd_core.o
    0x08005c20   0x00000008   Code   RO         1070    i.USBD_LL_GetRxDataSize  usbd_conf.o
    0x08005c28   0x0000009c   Code   RO         1071    i.USBD_LL_Init      usbd_conf.o
    0x08005cc4   0x00000020   Code   RO         1072    i.USBD_LL_IsStallEP  usbd_conf.o
    0x08005ce4   0x00000026   Code   RO         1073    i.USBD_LL_OpenEP    usbd_conf.o
    0x08005d0a   0x00000020   Code   RO         1074    i.USBD_LL_PrepareReceive  usbd_conf.o
    0x08005d2a   0x0000003e   Code   RO          225    i.USBD_LL_Reset     usbd_core.o
    0x08005d68   0x0000000c   Code   RO          226    i.USBD_LL_Resume    usbd_core.o
    0x08005d74   0x00000018   Code   RO          227    i.USBD_LL_SOF       usbd_core.o
    0x08005d8c   0x00000006   Code   RO          228    i.USBD_LL_SetSpeed  usbd_core.o
    0x08005d92   0x00000020   Code   RO         1075    i.USBD_LL_SetUSBAddress  usbd_conf.o
    0x08005db2   0x0000005a   Code   RO          229    i.USBD_LL_SetupStage  usbd_core.o
    0x08005e0c   0x00000020   Code   RO         1076    i.USBD_LL_StallEP   usbd_conf.o
    0x08005e2c   0x00000020   Code   RO         1077    i.USBD_LL_Start     usbd_conf.o
    0x08005e4c   0x00000012   Code   RO          230    i.USBD_LL_Suspend   usbd_core.o
    0x08005e5e   0x00000020   Code   RO         1079    i.USBD_LL_Transmit  usbd_conf.o
    0x08005e7e   0x00000028   Code   RO            7    i.USBD_ParseSetupRequest  usbd_ctlreq.o
    0x08005ea6   0x00000010   Code   RO          231    i.USBD_RegisterClass  usbd_core.o
    0x08005eb6   0x00000016   Code   RO          233    i.USBD_SetClassConfig  usbd_core.o
    0x08005ecc   0x00000074   Code   RO            8    i.USBD_SetConfig    usbd_ctlreq.o
    0x08005f40   0x0000000a   Code   RO          234    i.USBD_Start        usbd_core.o
    0x08005f4a   0x000000f2   Code   RO            9    i.USBD_StdDevReq    usbd_ctlreq.o
    0x0800603c   0x000000dc   Code   RO           10    i.USBD_StdEPReq     usbd_ctlreq.o
    0x08006118   0x00000034   Code   RO           11    i.USBD_StdItfReq    usbd_ctlreq.o
    0x0800614c   0x00000002   Code   RO         1080    i.USBD_static_free  usbd_conf.o
    0x0800614e   0x00000002   PAD
    0x08006150   0x00000008   Code   RO         1081    i.USBD_static_malloc  usbd_conf.o
    0x08006158   0x0000000c   Code   RO          952    i.USB_LP_CAN_RX0_IRQHandler  stm32f3xx_it.o
    0x08006164   0x00000002   Code   RO          953    i.UsageFault_Handler  stm32f3xx_it.o
    0x08006166   0x00000002   PAD
    0x08006168   0x00000060   Code   RO          541    i.WAV_TIM7_Init     usbd_cdc_if.o
    0x080061c8   0x00000002   Code   RO          648    i._Error_Handler    main.o
    0x080061ca   0x00000002   PAD
    0x080061cc   0x00000030   Code   RO         5634    i.__0snprintf$1     mc_w.l(printf1.o)
    0x080061fc   0x00000028   Code   RO         5635    i.__0sprintf$1      mc_w.l(printf1.o)
    0x08006224   0x0000000e   Code   RO         5923    i.__scatterload_copy  mc_w.l(handlers.o)
    0x08006232   0x00000002   Code   RO         5924    i.__scatterload_null  mc_w.l(handlers.o)
    0x08006234   0x0000000e   Code   RO         5925    i.__scatterload_zeroinit  mc_w.l(handlers.o)
    0x08006242   0x00000002   PAD
    0x08006244   0x00000154   Code   RO         5640    i._printf_core      mc_w.l(printf1.o)
    0x08006398   0x00000016   Code   RO         5641    i._snputc           mc_w.l(printf1.o)
    0x080063ae   0x0000000a   Code   RO         5642    i._sputc            mc_w.l(printf1.o)
    0x080063b8   0x00000014   Code   RO         1317    i.constrain         tft.o
    0x080063cc   0x00000050   Code   RO         5849    i.free              mc_w.l(malloc.o)
    0x0800641c   0x000001e4   Code   RO          649    i.main              main.o
    0x08006600   0x0000006c   Code   RO         5850    i.malloc            mc_w.l(malloc.o)
    0x0800666c   0x00000020   Data   RO         2435    .constdata          stm32f3xx_hal_rcc.o
    0x0800668c   0x00000010   Data   RO         5516    .constdata          system_stm32f3xx.o
    0x0800669c   0x00000008   Data   RO         5517    .constdata          system_stm32f3xx.o
    0x080066a4   0x00000081   Data   RO         5555    .constdata          mc_w.l(ctype_o.o)
    0x08006725   0x00000003   PAD
    0x08006728   0x00000004   Data   RO         5556    .constdata          mc_w.l(ctype_o.o)
    0x0800672c   0x00000020   Data   RO         5921    Region$$Table       anon$$obj.o


    Execution Region RW_IRAM1 (Base: 0x20000000, Size: 0x000086c8, Max: 0x0000a000, ABSOLUTE, COMPRESSED[0x000001b8])

    Base Addr    Size         Type   Attr      Idx    E Section Name        Object

    0x20000000   0x00000001   Data   RW           12    .data               usbd_ctlreq.o
    0x20000001   0x00000003   PAD
    0x20000004   0x000000db   Data   RW          369    .data               usbd_cdc.o
    0x200000df   0x00000001   PAD
    0x200000e0   0x00000038   Data   RW          370    .data               usbd_cdc.o
    0x20000118   0x00000054   Data   RW          543    .data               usbd_cdc_if.o
    0x2000016c   0x00000010   Data   RW          544    .data               usbd_cdc_if.o
    0x2000017c   0x00000004   Data   RW          545    .data               usbd_cdc_if.o
    0x20000180   0x00000060   Data   RW          654    .data               main.o
    0x200001e0   0x0000001c   Data   RW          777    .data               usbd_desc.o
    0x200001fc   0x00000016   Data   RW          778    .data               usbd_desc.o
    0x20000212   0x00000002   PAD
    0x20000214   0x0000005c   Data   RW         1319    .data               tft.o
    0x20000270   0x00000002   Data   RW         1320    .data               tft.o
    0x20000272   0x00000002   Data   RW         1323    .data               tft.o
    0x20000274   0x00000001   Data   RW         1329    .data               tft.o
    0x20000275   0x00000007   Data   RW         1330    .data               tft.o
    0x2000027c   0x00000008   Data   RW         1331    .data               tft.o
    0x20000284   0x0000000a   Data   RW         1332    .data               tft.o
    0x2000028e   0x00000009   Data   RW         1333    .data               tft.o
    0x20000297   0x00000007   Data   RW         1334    .data               tft.o
    0x2000029e   0x00000009   Data   RW         1335    .data               tft.o
    0x200002a7   0x00000007   Data   RW         1336    .data               tft.o
    0x200002ae   0x00000008   Data   RW         1337    .data               tft.o
    0x200002b6   0x00000009   Data   RW         1338    .data               tft.o
    0x200002bf   0x00000006   Data   RW         1339    .data               tft.o
    0x200002c5   0x00000006   Data   RW         1340    .data               tft.o
    0x200002cb   0x00000004   Data   RW         1341    .data               tft.o
    0x200002cf   0x00000005   Data   RW         1342    .data               tft.o
    0x200002d4   0x00000005   Data   RW         1343    .data               tft.o
    0x200002d9   0x00000007   Data   RW         1344    .data               tft.o
    0x200002e0   0x0000000a   Data   RW         1345    .data               tft.o
    0x200002ea   0x00000008   Data   RW         1346    .data               tft.o
    0x200002f2   0x00000009   Data   RW         1347    .data               tft.o
    0x200002fb   0x00000009   Data   RW         1348    .data               tft.o
    0x20000304   0x00000004   Data   RW         2599    .data               stm32f3xx_hal.o
    0x20000308   0x00000004   Data   RW         5518    .data               system_stm32f3xx.o
    0x2000030c   0x00000004   Data   RW         5898    .data               mc_w.l(mvars.o)
    0x20000310   0x00000004   Data   RW         5899    .data               mc_w.l(mvars.o)
    0x20000314   0x000008fa   Zero   RW          542    .bss                usbd_cdc_if.o
    0x20000c0e   0x00000002   PAD
    0x20000c10   0x000001e9   Zero   RW          650    .bss                main.o
    0x20000df9   0x00000003   PAD
    0x20000dfc   0x00000200   Zero   RW          776    .bss                usbd_desc.o
    0x20000ffc   0x000005c8   Zero   RW         1082    .bss                usbd_conf.o
    0x200015c4   0x00000224   Zero   RW         1259    .bss                usb_device.o
    0x200017e8   0x00002ee0   Zero   RW         1318    .bss                tft.o
    0x200046c8   0x00002000   Zero   RW          522    HEAP                startup_stm32f303xc.o
    0x200066c8   0x00002000   Zero   RW          521    STACK               startup_stm32f303xc.o


==============================================================================

Image component sizes


      Code (inc. data)   RO Data    RW Data    ZI Data      Debug   Object Name

      2146        182          0         96        489      14624   main.o
        36          8        392          0      16384        804   startup_stm32f303xc.o
       126         22          0          4          0       3775   stm32f3xx_hal.o
         4          0          0          0          0       1495   stm32f3xx_hal_adc.o
      3176        126          0          0          0      11440   stm32f3xx_hal_adc_ex.o
       228         14          0          0          0      32161   stm32f3xx_hal_cortex.o
        42          0          0          0          0       1620   stm32f3xx_hal_dac.o
       278          0          0          0          0       4063   stm32f3xx_hal_dac_ex.o
        74          0          0          0          0       1083   stm32f3xx_hal_dma.o
       402         28          0          0          0       2384   stm32f3xx_hal_gpio.o
       616         72          0          0          0       5410   stm32f3xx_hal_msp.o
      3208          0          0          0          0      12082   stm32f3xx_hal_pcd.o
       144          0          0          0          0       2887   stm32f3xx_hal_pcd_ex.o
      2052         80         32          0          0       6324   stm32f3xx_hal_rcc.o
       536         14          0          0          0       1600   stm32f3xx_hal_rcc_ex.o
      1410         36          0          0          0       9994   stm32f3xx_hal_rtc.o
        78          0          0          0          0       2986   stm32f3xx_hal_rtc_ex.o
      1234        128          0          0          0      10492   stm32f3xx_hal_tim.o
       760         70          0          0          0       5830   stm32f3xx_hal_tim_ex.o
      1704         58          0          0          0      11423   stm32f3xx_hal_uart.o
         2          0          0          0          0        936   stm32f3xx_hal_uart_ex.o
       118         40          0          0          0       6980   stm32f3xx_it.o
       104         22         24          4          0       1163   system_stm32f3xx.o
      1962         94          0        240      12000      17410   tft.o
        56         18          0          0        548        724   usb_device.o
       542         22          0        275          0      12368   usbd_cdc.o
      1218        126          0        104       2298      10735   usbd_cdc_if.o
       688         46          0          0       1480      13937   usbd_conf.o
       592          0          0          0          0       9596   usbd_core.o
       986         30          0          1          0     663356   usbd_ctlreq.o
       212        116          0         50        512       5135   usbd_desc.o
       132          0          0          0          0       4520   usbd_ioreq.o

    ----------------------------------------------------------------------
     24916       1352        480        780      33716     889337   Object Totals
         0          0         32          0          0          0   (incl. Generated)
        50          0          0          6          5          0   (incl. Padding)

    ----------------------------------------------------------------------

      Code (inc. data)   RO Data    RW Data    ZI Data      Debug   Library Member Name

        86          0          0          0          0          0   __dczerorl2.o
         8          4        133          0          0         68   ctype_o.o
         0          0          0          0          0          0   entry.o
         0          0          0          0          0          0   entry10a.o
         0          0          0          0          0          0   entry11a.o
         8          4          0          0          0          0   entry2.o
         4          0          0          0          0          0   entry5.o
         0          0          0          0          0          0   entry7b.o
         0          0          0          0          0          0   entry8b.o
         8          4          0          0          0          0   entry9a.o
        30          0          0          0          0          0   handlers.o
        36          8          0          0          0         68   init.o
       188         20          0          0          0        160   malloc.o
        36          0          0          0          0         68   memcpya.o
         0          0          0          8          0          0   mvars.o
       460         14          0          0          0        404   printf1.o
        44          0          0          0          0         80   uidiv.o

    ----------------------------------------------------------------------
       912         54        136          8          0        848   Library Totals
         4          0          3          0          0          0   (incl. Padding)

    ----------------------------------------------------------------------

      Code (inc. data)   RO Data    RW Data    ZI Data      Debug   Library Name

       908         54        133          8          0        848   mc_w.l

    ----------------------------------------------------------------------
       912         54        136          8          0        848   Library Totals

    ----------------------------------------------------------------------

==============================================================================


      Code (inc. data)   RO Data    RW Data    ZI Data      Debug   

     25828       1406        616        788      33716     865505   Grand Totals
     25828       1406        616        440      33716     865505   ELF Image Totals (compressed)
     25828       1406        616        440          0          0   ROM Totals

==============================================================================

    Total RO  Size (Code + RO Data)                26444 (  25.82kB)
    Total RW  Size (RW Data + ZI Data)             34504 (  33.70kB)
    Total ROM Size (Code + RO Data + RW Data)      26884 (  26.25kB)

==============================================================================

